May 01 09:55:49 mao-ThinkPad kernel: Linux version 6.8.0-58-generic (buildd@lcy02-amd64-116) (x86_64-linux-gnu-gcc-12 (Ubuntu 12.3.0-1ubuntu1~22.04) 12.3.0, GNU ld (GNU Binutils for Ubuntu) 2.38) #60~22.04.1-Ubuntu SMP PREEMPT_DYNAMIC Fri Mar 28 16:09:21 UTC 2 (Ubuntu 6.8.0-58.60~22.04.1-generic 6.8.12)
May 01 09:55:49 mao-ThinkPad kernel: Command line: BOOT_IMAGE=/boot/vmlinuz-6.8.0-58-generic root=UUID=bb3ceb72-07e5-4947-86b8-097c5aaa3319 ro quiet splash vt.handoff=7
May 01 09:55:49 mao-ThinkPad kernel: KERNEL supported cpus:
May 01 09:55:49 mao-ThinkPad kernel:   Intel GenuineIntel
May 01 09:55:49 mao-ThinkPad kernel:   AMD AuthenticAMD
May 01 09:55:49 mao-ThinkPad kernel:   Hygon HygonGenuine
May 01 09:55:49 mao-ThinkPad kernel:   Centaur CentaurHauls
May 01 09:55:49 mao-ThinkPad kernel:   zhaoxin   Shanghai  
May 01 09:55:49 mao-ThinkPad kernel: x86/split lock detection: #AC: crashing the kernel on kernel split_locks and warning on user-space split_locks
May 01 09:55:49 mao-ThinkPad kernel: BIOS-provided physical RAM map:
May 01 09:55:49 mao-ThinkPad kernel: BIOS-e820: [mem 0x0000000000000000-0x000000000009efff] usable
May 01 09:55:49 mao-ThinkPad kernel: BIOS-e820: [mem 0x000000000009f000-0x00000000000fffff] reserved
May 01 09:55:49 mao-ThinkPad kernel: BIOS-e820: [mem 0x0000000000100000-0x000000008c3f3fff] usable
May 01 09:55:49 mao-ThinkPad kernel: BIOS-e820: [mem 0x000000008c3f4000-0x0000000091b2efff] reserved
May 01 09:55:49 mao-ThinkPad kernel: BIOS-e820: [mem 0x0000000091b2f000-0x000000009272efff] ACPI NVS
May 01 09:55:49 mao-ThinkPad kernel: BIOS-e820: [mem 0x000000009272f000-0x00000000927fefff] ACPI data
May 01 09:55:49 mao-ThinkPad kernel: BIOS-e820: [mem 0x00000000927ff000-0x00000000927fffff] usable
May 01 09:55:49 mao-ThinkPad kernel: BIOS-e820: [mem 0x0000000092800000-0x0000000096ffffff] reserved
May 01 09:55:49 mao-ThinkPad kernel: BIOS-e820: [mem 0x0000000097a00000-0x0000000097bfffff] reserved
May 01 09:55:49 mao-ThinkPad kernel: BIOS-e820: [mem 0x0000000098400000-0x00000000a07fffff] reserved
May 01 09:55:49 mao-ThinkPad kernel: BIOS-e820: [mem 0x00000000c0000000-0x00000000cfffffff] reserved
May 01 09:55:49 mao-ThinkPad kernel: BIOS-e820: [mem 0x00000000fed20000-0x00000000fed7ffff] reserved
May 01 09:55:49 mao-ThinkPad kernel: BIOS-e820: [mem 0x0000000100000000-0x000000045f7fffff] usable
May 01 09:55:49 mao-ThinkPad kernel: NX (Execute Disable) protection: active
May 01 09:55:49 mao-ThinkPad kernel: APIC: Static calls initialized
May 01 09:55:49 mao-ThinkPad kernel: efi: EFI v2.7 by Lenovo
May 01 09:55:49 mao-ThinkPad kernel: efi: ACPI=0x927fe000 ACPI 2.0=0x927fe014 TPMFinalLog=0x9268e000 SMBIOS=0x8e8af000 SMBIOS 3.0=0x8e8a2000 MEMATTR=0x87f2e018 ESRT=0x88603998 MOKvar=0x8c9d9000 RNG=0x927fd018 TPMEventLog=0x927f1018 
May 01 09:55:49 mao-ThinkPad kernel: random: crng init done
May 01 09:55:49 mao-ThinkPad kernel: efi: Remove mem79: MMIO range=[0xc0000000-0xcfffffff] (256MB) from e820 map
May 01 09:55:49 mao-ThinkPad kernel: e820: remove [mem 0xc0000000-0xcfffffff] reserved
May 01 09:55:49 mao-ThinkPad kernel: secureboot: Secure boot disabled
May 01 09:55:49 mao-ThinkPad kernel: SMBIOS 3.4.0 present.
May 01 09:55:49 mao-ThinkPad kernel: DMI: LENOVO 21E30076CD/21E30076CD, BIOS R1SET49W(1.20) 04/13/2023
May 01 09:55:49 mao-ThinkPad kernel: tsc: Detected 2100.000 MHz processor
May 01 09:55:49 mao-ThinkPad kernel: tsc: Detected 2112.000 MHz TSC
May 01 09:55:49 mao-ThinkPad kernel: e820: update [mem 0x00000000-0x00000fff] usable ==> reserved
May 01 09:55:49 mao-ThinkPad kernel: e820: remove [mem 0x000a0000-0x000fffff] usable
May 01 09:55:49 mao-ThinkPad kernel: last_pfn = 0x45f800 max_arch_pfn = 0x400000000
May 01 09:55:49 mao-ThinkPad kernel: MTRR map: 5 entries (3 fixed + 2 variable; max 23), built from 10 variable MTRRs
May 01 09:55:49 mao-ThinkPad kernel: x86/PAT: Configuration [0-7]: WB  WC  UC- UC  WB  WP  UC- WT  
May 01 09:55:49 mao-ThinkPad kernel: last_pfn = 0x92800 max_arch_pfn = 0x400000000
May 01 09:55:49 mao-ThinkPad kernel: esrt: Reserving ESRT space from 0x0000000088603998 to 0x0000000088603a98.
May 01 09:55:49 mao-ThinkPad kernel: e820: update [mem 0x88603000-0x88603fff] usable ==> reserved
May 01 09:55:49 mao-ThinkPad kernel: Using GB pages for direct mapping
May 01 09:55:49 mao-ThinkPad kernel: Incomplete global flushes, disabling PCID
May 01 09:55:49 mao-ThinkPad kernel: secureboot: Secure boot disabled
May 01 09:55:49 mao-ThinkPad kernel: RAMDISK: [mem 0x594ea000-0x5db29fff]
May 01 09:55:49 mao-ThinkPad kernel: ACPI: Early table checksum verification disabled
May 01 09:55:49 mao-ThinkPad kernel: ACPI: RSDP 0x00000000927FE014 000024 (v02 LENOVO)
May 01 09:55:49 mao-ThinkPad kernel: ACPI: XSDT 0x00000000927FC188 000144 (v01 LENOVO TP-R1S   00001200 PTEC 00000002)
May 01 09:55:49 mao-ThinkPad kernel: ACPI: FACP 0x000000008E890000 000114 (v06 LENOVO TP-R1S   00001200 PTEC 00000002)
May 01 09:55:49 mao-ThinkPad kernel: ACPI: DSDT 0x000000008E848000 043B23 (v02 LENOVO ICL      00000002      01000013)
May 01 09:55:49 mao-ThinkPad kernel: ACPI: FACS 0x0000000092673000 000040
May 01 09:55:49 mao-ThinkPad kernel: ACPI: SSDT 0x000000008E94A000 00038C (v02 LENOVO Pmax_Dev 00000001 INTL 20200717)
May 01 09:55:49 mao-ThinkPad kernel: ACPI: SSDT 0x000000008E932000 005C4B (v02 LENOVO CpuSsdt  00003000 INTL 20200717)
May 01 09:55:49 mao-ThinkPad kernel: ACPI: SSDT 0x000000008E931000 00059B (v02 LENOVO CtdpB    00001000 INTL 20200717)
May 01 09:55:49 mao-ThinkPad kernel: ACPI: SSDT 0x000000008E8C2000 003E6C (v02 LENOVO DptfTabl 00001000 INTL 20200717)
May 01 09:55:49 mao-ThinkPad kernel: ACPI: SSDT 0x000000008E895000 00045A (v02 LENOVO Tpm2Tabl 00001000 INTL 20200717)
May 01 09:55:49 mao-ThinkPad kernel: ACPI: SSDT 0x000000008E894000 000046 (v02 LENOVO MeSsdt   00003000 INTL 20200717)
May 01 09:55:49 mao-ThinkPad kernel: ACPI: TPM2 0x000000008E893000 000034 (v03 LENOVO TP-R1S   00001200 PTEC 00000002)
May 01 09:55:49 mao-ThinkPad kernel: ACPI: SSDT 0x000000008E891000 000918 (v01 LENOVO WmiTable 00000001 INTL 20200717)
May 01 09:55:49 mao-ThinkPad kernel: ACPI: HPET 0x000000008E88F000 000038 (v01 LENOVO TP-R1S   00001200 PTEC 00000002)
May 01 09:55:49 mao-ThinkPad kernel: ACPI: APIC 0x000000008E88E000 0001DC (v05 LENOVO TP-R1S   00001200 PTEC 00000002)
May 01 09:55:49 mao-ThinkPad kernel: ACPI: MCFG 0x000000008E88D000 00003C (v01 LENOVO TP-R1S   00001200 PTEC 00000002)
May 01 09:55:49 mao-ThinkPad kernel: ACPI: ECDT 0x000000008E88C000 000053 (v01 LENOVO TP-R1S   00001200 PTEC 00000002)
May 01 09:55:49 mao-ThinkPad kernel: ACPI: SSDT 0x000000008E844000 0033AD (v02 LENOVO AdlP_Rvp 00001000 INTL 20200717)
May 01 09:55:49 mao-ThinkPad kernel: ACPI: SSDT 0x000000008E843000 00011A (v02 LENOVO PID0Ssdt 00000010 INTL 20200717)
May 01 09:55:49 mao-ThinkPad kernel: ACPI: SSDT 0x000000008E842000 000B5E (v02 LENOVO ProjSsdt 00000010 INTL 20200717)
May 01 09:55:49 mao-ThinkPad kernel: ACPI: SSDT 0x000000008E83E000 002F4C (v02 LENOVO SaSsdt   00003000 INTL 20200717)
May 01 09:55:49 mao-ThinkPad kernel: ACPI: SSDT 0x000000008E83A000 0035CE (v02 LENOVO IgfxSsdt 00003000 INTL 20200717)
May 01 09:55:49 mao-ThinkPad kernel: ACPI: SSDT 0x000000008E831000 008974 (v02 LENOVO TcssSsdt 00001000 INTL 20200717)
May 01 09:55:49 mao-ThinkPad kernel: ACPI: LPIT 0x000000008E830000 0000CC (v01 LENOVO TP-R1S   00001200 PTEC 00000002)
May 01 09:55:49 mao-ThinkPad kernel: ACPI: WSMT 0x000000008E82F000 000028 (v01 LENOVO TP-R1S   00001200 PTEC 00000002)
May 01 09:55:49 mao-ThinkPad kernel: ACPI: SSDT 0x000000008E82C000 002357 (v02 LENOVO TbtTypeC 00000000 INTL 20200717)
May 01 09:55:49 mao-ThinkPad kernel: ACPI: DBGP 0x000000008E82B000 000034 (v01 LENOVO TP-R1S   00001200 PTEC 00000002)
May 01 09:55:49 mao-ThinkPad kernel: ACPI: DBG2 0x000000008E82A000 000054 (v00 LENOVO TP-R1S   00001200 PTEC 00000002)
May 01 09:55:49 mao-ThinkPad kernel: ACPI: NHLT 0x000000008E828000 00189E (v00 LENOVO TP-R1S   00001200 PTEC 00000002)
May 01 09:55:49 mao-ThinkPad kernel: ACPI: MSDM 0x000000008E827000 000055 (v03 LENOVO TP-R1S   00001200 PTEC 00000002)
May 01 09:55:49 mao-ThinkPad kernel: ACPI: SSDT 0x000000008E811000 000FDB (v02 LENOVO UsbCTabl 00001000 INTL 20200717)
May 01 09:55:49 mao-ThinkPad kernel: ACPI: BATB 0x000000008E810000 00004A (v02 LENOVO TP-R1S   00001200 PTEC 00000002)
May 01 09:55:49 mao-ThinkPad kernel: ACPI: DMAR 0x000000008CA0A000 000088 (v02 LENOVO TP-R1S   00001200 PTEC 00000002)
May 01 09:55:49 mao-ThinkPad kernel: ACPI: SSDT 0x000000008CA08000 00129A (v02 LENOVO SocGpe   00003000 INTL 20200717)
May 01 09:55:49 mao-ThinkPad kernel: ACPI: SSDT 0x000000008CA04000 0039DA (v02 LENOVO SocCmn   00003000 INTL 20200717)
May 01 09:55:49 mao-ThinkPad kernel: ACPI: SSDT 0x000000008CA03000 000144 (v02 LENOVO ADebTabl 00001000 INTL 20200717)
May 01 09:55:49 mao-ThinkPad kernel: ACPI: BGRT 0x000000008C9DC000 000038 (v01 LENOVO TP-R1S   00001200 PTEC 00000002)
May 01 09:55:49 mao-ThinkPad kernel: ACPI: PHAT 0x000000008C9DB000 000498 (v01 LENOVO TP-R1S   00001200 PTEC 00000002)
May 01 09:55:49 mao-ThinkPad kernel: ACPI: UEFI 0x000000009266A000 000076 (v01 LENOVO TP-R1S   00001200 PTEC 00000002)
May 01 09:55:49 mao-ThinkPad kernel: ACPI: FPDT 0x000000008C9DA000 000034 (v01 LENOVO TP-R1S   00001200 PTEC 00001200)
May 01 09:55:49 mao-ThinkPad kernel: ACPI: Reserving FACP table memory at [mem 0x8e890000-0x8e890113]
May 01 09:55:49 mao-ThinkPad kernel: ACPI: Reserving DSDT table memory at [mem 0x8e848000-0x8e88bb22]
May 01 09:55:49 mao-ThinkPad kernel: ACPI: Reserving FACS table memory at [mem 0x92673000-0x9267303f]
May 01 09:55:49 mao-ThinkPad kernel: ACPI: Reserving SSDT table memory at [mem 0x8e94a000-0x8e94a38b]
May 01 09:55:49 mao-ThinkPad kernel: ACPI: Reserving SSDT table memory at [mem 0x8e932000-0x8e937c4a]
May 01 09:55:49 mao-ThinkPad kernel: ACPI: Reserving SSDT table memory at [mem 0x8e931000-0x8e93159a]
May 01 09:55:49 mao-ThinkPad kernel: ACPI: Reserving SSDT table memory at [mem 0x8e8c2000-0x8e8c5e6b]
May 01 09:55:49 mao-ThinkPad kernel: ACPI: Reserving SSDT table memory at [mem 0x8e895000-0x8e895459]
May 01 09:55:49 mao-ThinkPad kernel: ACPI: Reserving SSDT table memory at [mem 0x8e894000-0x8e894045]
May 01 09:55:49 mao-ThinkPad kernel: ACPI: Reserving TPM2 table memory at [mem 0x8e893000-0x8e893033]
May 01 09:55:49 mao-ThinkPad kernel: ACPI: Reserving SSDT table memory at [mem 0x8e891000-0x8e891917]
May 01 09:55:49 mao-ThinkPad kernel: ACPI: Reserving HPET table memory at [mem 0x8e88f000-0x8e88f037]
May 01 09:55:49 mao-ThinkPad kernel: ACPI: Reserving APIC table memory at [mem 0x8e88e000-0x8e88e1db]
May 01 09:55:49 mao-ThinkPad kernel: ACPI: Reserving MCFG table memory at [mem 0x8e88d000-0x8e88d03b]
May 01 09:55:49 mao-ThinkPad kernel: ACPI: Reserving ECDT table memory at [mem 0x8e88c000-0x8e88c052]
May 01 09:55:49 mao-ThinkPad kernel: ACPI: Reserving SSDT table memory at [mem 0x8e844000-0x8e8473ac]
May 01 09:55:49 mao-ThinkPad kernel: ACPI: Reserving SSDT table memory at [mem 0x8e843000-0x8e843119]
May 01 09:55:49 mao-ThinkPad kernel: ACPI: Reserving SSDT table memory at [mem 0x8e842000-0x8e842b5d]
May 01 09:55:49 mao-ThinkPad kernel: ACPI: Reserving SSDT table memory at [mem 0x8e83e000-0x8e840f4b]
May 01 09:55:49 mao-ThinkPad kernel: ACPI: Reserving SSDT table memory at [mem 0x8e83a000-0x8e83d5cd]
May 01 09:55:49 mao-ThinkPad kernel: ACPI: Reserving SSDT table memory at [mem 0x8e831000-0x8e839973]
May 01 09:55:49 mao-ThinkPad kernel: ACPI: Reserving LPIT table memory at [mem 0x8e830000-0x8e8300cb]
May 01 09:55:49 mao-ThinkPad kernel: ACPI: Reserving WSMT table memory at [mem 0x8e82f000-0x8e82f027]
May 01 09:55:49 mao-ThinkPad kernel: ACPI: Reserving SSDT table memory at [mem 0x8e82c000-0x8e82e356]
May 01 09:55:49 mao-ThinkPad kernel: ACPI: Reserving DBGP table memory at [mem 0x8e82b000-0x8e82b033]
May 01 09:55:49 mao-ThinkPad kernel: ACPI: Reserving DBG2 table memory at [mem 0x8e82a000-0x8e82a053]
May 01 09:55:49 mao-ThinkPad kernel: ACPI: Reserving NHLT table memory at [mem 0x8e828000-0x8e82989d]
May 01 09:55:49 mao-ThinkPad kernel: ACPI: Reserving MSDM table memory at [mem 0x8e827000-0x8e827054]
May 01 09:55:49 mao-ThinkPad kernel: ACPI: Reserving SSDT table memory at [mem 0x8e811000-0x8e811fda]
May 01 09:55:49 mao-ThinkPad kernel: ACPI: Reserving BATB table memory at [mem 0x8e810000-0x8e810049]
May 01 09:55:49 mao-ThinkPad kernel: ACPI: Reserving DMAR table memory at [mem 0x8ca0a000-0x8ca0a087]
May 01 09:55:49 mao-ThinkPad kernel: ACPI: Reserving SSDT table memory at [mem 0x8ca08000-0x8ca09299]
May 01 09:55:49 mao-ThinkPad kernel: ACPI: Reserving SSDT table memory at [mem 0x8ca04000-0x8ca079d9]
May 01 09:55:49 mao-ThinkPad kernel: ACPI: Reserving SSDT table memory at [mem 0x8ca03000-0x8ca03143]
May 01 09:55:49 mao-ThinkPad kernel: ACPI: Reserving BGRT table memory at [mem 0x8c9dc000-0x8c9dc037]
May 01 09:55:49 mao-ThinkPad kernel: ACPI: Reserving PHAT table memory at [mem 0x8c9db000-0x8c9db497]
May 01 09:55:49 mao-ThinkPad kernel: ACPI: Reserving UEFI table memory at [mem 0x9266a000-0x9266a075]
May 01 09:55:49 mao-ThinkPad kernel: ACPI: Reserving FPDT table memory at [mem 0x8c9da000-0x8c9da033]
May 01 09:55:49 mao-ThinkPad kernel: No NUMA configuration found
May 01 09:55:49 mao-ThinkPad kernel: Faking a node at [mem 0x0000000000000000-0x000000045f7fffff]
May 01 09:55:49 mao-ThinkPad kernel: NODE_DATA(0) allocated [mem 0x45f7d5000-0x45f7fffff]
May 01 09:55:49 mao-ThinkPad kernel: Zone ranges:
May 01 09:55:49 mao-ThinkPad kernel:   DMA      [mem 0x0000000000001000-0x0000000000ffffff]
May 01 09:55:49 mao-ThinkPad kernel:   DMA32    [mem 0x0000000001000000-0x00000000ffffffff]
May 01 09:55:49 mao-ThinkPad kernel:   Normal   [mem 0x0000000100000000-0x000000045f7fffff]
May 01 09:55:49 mao-ThinkPad kernel:   Device   empty
May 01 09:55:49 mao-ThinkPad kernel: Movable zone start for each node
May 01 09:55:49 mao-ThinkPad kernel: Early memory node ranges
May 01 09:55:49 mao-ThinkPad kernel:   node   0: [mem 0x0000000000001000-0x000000000009efff]
May 01 09:55:49 mao-ThinkPad kernel:   node   0: [mem 0x0000000000100000-0x000000008c3f3fff]
May 01 09:55:49 mao-ThinkPad kernel:   node   0: [mem 0x00000000927ff000-0x00000000927fffff]
May 01 09:55:49 mao-ThinkPad kernel:   node   0: [mem 0x0000000100000000-0x000000045f7fffff]
May 01 09:55:49 mao-ThinkPad kernel: Initmem setup node 0 [mem 0x0000000000001000-0x000000045f7fffff]
May 01 09:55:49 mao-ThinkPad kernel: On node 0, zone DMA: 1 pages in unavailable ranges
May 01 09:55:49 mao-ThinkPad kernel: On node 0, zone DMA: 97 pages in unavailable ranges
May 01 09:55:49 mao-ThinkPad kernel: On node 0, zone DMA32: 25611 pages in unavailable ranges
May 01 09:55:49 mao-ThinkPad kernel: On node 0, zone Normal: 22528 pages in unavailable ranges
May 01 09:55:49 mao-ThinkPad kernel: On node 0, zone Normal: 2048 pages in unavailable ranges
May 01 09:55:49 mao-ThinkPad kernel: Reserving Intel graphics memory at [mem 0x9c800000-0xa07fffff]
May 01 09:55:49 mao-ThinkPad kernel: ACPI: PM-Timer IO Port: 0x1808
May 01 09:55:49 mao-ThinkPad kernel: ACPI: LAPIC_NMI (acpi_id[0x01] high edge lint[0x1])
May 01 09:55:49 mao-ThinkPad kernel: ACPI: LAPIC_NMI (acpi_id[0x02] high edge lint[0x1])
May 01 09:55:49 mao-ThinkPad kernel: ACPI: LAPIC_NMI (acpi_id[0x03] high edge lint[0x1])
May 01 09:55:49 mao-ThinkPad kernel: ACPI: LAPIC_NMI (acpi_id[0x04] high edge lint[0x1])
May 01 09:55:49 mao-ThinkPad kernel: ACPI: LAPIC_NMI (acpi_id[0x05] high edge lint[0x1])
May 01 09:55:49 mao-ThinkPad kernel: ACPI: LAPIC_NMI (acpi_id[0x06] high edge lint[0x1])
May 01 09:55:49 mao-ThinkPad kernel: ACPI: LAPIC_NMI (acpi_id[0x07] high edge lint[0x1])
May 01 09:55:49 mao-ThinkPad kernel: ACPI: LAPIC_NMI (acpi_id[0x08] high edge lint[0x1])
May 01 09:55:49 mao-ThinkPad kernel: ACPI: LAPIC_NMI (acpi_id[0x09] high edge lint[0x1])
May 01 09:55:49 mao-ThinkPad kernel: ACPI: LAPIC_NMI (acpi_id[0x0a] high edge lint[0x1])
May 01 09:55:49 mao-ThinkPad kernel: ACPI: LAPIC_NMI (acpi_id[0x0b] high edge lint[0x1])
May 01 09:55:49 mao-ThinkPad kernel: ACPI: LAPIC_NMI (acpi_id[0x0c] high edge lint[0x1])
May 01 09:55:49 mao-ThinkPad kernel: ACPI: LAPIC_NMI (acpi_id[0x0d] high edge lint[0x1])
May 01 09:55:49 mao-ThinkPad kernel: ACPI: LAPIC_NMI (acpi_id[0x0e] high edge lint[0x1])
May 01 09:55:49 mao-ThinkPad kernel: ACPI: LAPIC_NMI (acpi_id[0x0f] high edge lint[0x1])
May 01 09:55:49 mao-ThinkPad kernel: ACPI: LAPIC_NMI (acpi_id[0x10] high edge lint[0x1])
May 01 09:55:49 mao-ThinkPad kernel: ACPI: LAPIC_NMI (acpi_id[0x11] high edge lint[0x1])
May 01 09:55:49 mao-ThinkPad kernel: ACPI: LAPIC_NMI (acpi_id[0x12] high edge lint[0x1])
May 01 09:55:49 mao-ThinkPad kernel: ACPI: LAPIC_NMI (acpi_id[0x13] high edge lint[0x1])
May 01 09:55:49 mao-ThinkPad kernel: ACPI: LAPIC_NMI (acpi_id[0x14] high edge lint[0x1])
May 01 09:55:49 mao-ThinkPad kernel: ACPI: LAPIC_NMI (acpi_id[0x15] high edge lint[0x1])
May 01 09:55:49 mao-ThinkPad kernel: ACPI: LAPIC_NMI (acpi_id[0x16] high edge lint[0x1])
May 01 09:55:49 mao-ThinkPad kernel: ACPI: LAPIC_NMI (acpi_id[0x17] high edge lint[0x1])
May 01 09:55:49 mao-ThinkPad kernel: ACPI: LAPIC_NMI (acpi_id[0x00] high edge lint[0x1])
May 01 09:55:49 mao-ThinkPad kernel: IOAPIC[0]: apic_id 2, version 32, address 0xfec00000, GSI 0-119
May 01 09:55:49 mao-ThinkPad kernel: ACPI: INT_SRC_OVR (bus 0 bus_irq 0 global_irq 2 dfl dfl)
May 01 09:55:49 mao-ThinkPad kernel: ACPI: INT_SRC_OVR (bus 0 bus_irq 9 global_irq 9 high level)
May 01 09:55:49 mao-ThinkPad kernel: ACPI: Using ACPI (MADT) for SMP configuration information
May 01 09:55:49 mao-ThinkPad kernel: ACPI: HPET id: 0x8086a201 base: 0xfed00000
May 01 09:55:49 mao-ThinkPad kernel: e820: update [mem 0x86edb000-0x86f6bfff] usable ==> reserved
May 01 09:55:49 mao-ThinkPad kernel: TSC deadline timer available
May 01 09:55:49 mao-ThinkPad kernel: smpboot: Allowing 16 CPUs, 0 hotplug CPUs
May 01 09:55:49 mao-ThinkPad kernel: PM: hibernation: Registered nosave memory: [mem 0x00000000-0x00000fff]
May 01 09:55:49 mao-ThinkPad kernel: PM: hibernation: Registered nosave memory: [mem 0x0009f000-0x000fffff]
May 01 09:55:49 mao-ThinkPad kernel: PM: hibernation: Registered nosave memory: [mem 0x86edb000-0x86f6bfff]
May 01 09:55:49 mao-ThinkPad kernel: PM: hibernation: Registered nosave memory: [mem 0x88603000-0x88603fff]
May 01 09:55:49 mao-ThinkPad kernel: PM: hibernation: Registered nosave memory: [mem 0x8c3f4000-0x91b2efff]
May 01 09:55:49 mao-ThinkPad kernel: PM: hibernation: Registered nosave memory: [mem 0x91b2f000-0x9272efff]
May 01 09:55:49 mao-ThinkPad kernel: PM: hibernation: Registered nosave memory: [mem 0x9272f000-0x927fefff]
May 01 09:55:49 mao-ThinkPad kernel: PM: hibernation: Registered nosave memory: [mem 0x92800000-0x96ffffff]
May 01 09:55:49 mao-ThinkPad kernel: PM: hibernation: Registered nosave memory: [mem 0x97000000-0x979fffff]
May 01 09:55:49 mao-ThinkPad kernel: PM: hibernation: Registered nosave memory: [mem 0x97a00000-0x97bfffff]
May 01 09:55:49 mao-ThinkPad kernel: PM: hibernation: Registered nosave memory: [mem 0x97c00000-0x983fffff]
May 01 09:55:49 mao-ThinkPad kernel: PM: hibernation: Registered nosave memory: [mem 0x98400000-0xa07fffff]
May 01 09:55:49 mao-ThinkPad kernel: PM: hibernation: Registered nosave memory: [mem 0xa0800000-0xfed1ffff]
May 01 09:55:49 mao-ThinkPad kernel: PM: hibernation: Registered nosave memory: [mem 0xfed20000-0xfed7ffff]
May 01 09:55:49 mao-ThinkPad kernel: PM: hibernation: Registered nosave memory: [mem 0xfed80000-0xffffffff]
May 01 09:55:49 mao-ThinkPad kernel: [mem 0xa0800000-0xfed1ffff] available for PCI devices
May 01 09:55:49 mao-ThinkPad kernel: Booting paravirtualized kernel on bare hardware
May 01 09:55:49 mao-ThinkPad kernel: clocksource: refined-jiffies: mask: 0xffffffff max_cycles: 0xffffffff, max_idle_ns: 1910969940391419 ns
May 01 09:55:49 mao-ThinkPad kernel: setup_percpu: NR_CPUS:8192 nr_cpumask_bits:16 nr_cpu_ids:16 nr_node_ids:1
May 01 09:55:49 mao-ThinkPad kernel: percpu: Embedded 86 pages/cpu s229376 r8192 d114688 u524288
May 01 09:55:49 mao-ThinkPad kernel: pcpu-alloc: s229376 r8192 d114688 u524288 alloc=1*2097152
May 01 09:55:49 mao-ThinkPad kernel: pcpu-alloc: [0] 00 01 02 03 [0] 04 05 06 07 
May 01 09:55:49 mao-ThinkPad kernel: pcpu-alloc: [0] 08 09 10 11 [0] 12 13 14 15 
May 01 09:55:49 mao-ThinkPad kernel: Kernel command line: BOOT_IMAGE=/boot/vmlinuz-6.8.0-58-generic root=UUID=bb3ceb72-07e5-4947-86b8-097c5aaa3319 ro quiet splash vt.handoff=7
May 01 09:55:49 mao-ThinkPad kernel: Unknown kernel command line parameters "splash BOOT_IMAGE=/boot/vmlinuz-6.8.0-58-generic", will be passed to user space.
May 01 09:55:49 mao-ThinkPad kernel: Dentry cache hash table entries: 2097152 (order: 12, 16777216 bytes, linear)
May 01 09:55:49 mao-ThinkPad kernel: Inode-cache hash table entries: 1048576 (order: 11, 8388608 bytes, linear)
May 01 09:55:49 mao-ThinkPad kernel: Fallback order for Node 0: 0 
May 01 09:55:49 mao-ThinkPad kernel: Built 1 zonelists, mobility grouping on.  Total pages: 4046853
May 01 09:55:49 mao-ThinkPad kernel: Policy zone: Normal
May 01 09:55:49 mao-ThinkPad kernel: mem auto-init: stack:all(zero), heap alloc:on, heap free:off
May 01 09:55:49 mao-ThinkPad kernel: software IO TLB: area num 16.
May 01 09:55:49 mao-ThinkPad kernel: Memory: 15846024K/16445004K available (22528K kernel code, 4435K rwdata, 13948K rodata, 4984K init, 4732K bss, 598720K reserved, 0K cma-reserved)
May 01 09:55:49 mao-ThinkPad kernel: SLUB: HWalign=64, Order=0-3, MinObjects=0, CPUs=16, Nodes=1
May 01 09:55:49 mao-ThinkPad kernel: ftrace: allocating 58152 entries in 228 pages
May 01 09:55:49 mao-ThinkPad kernel: ftrace: allocated 228 pages with 4 groups
May 01 09:55:49 mao-ThinkPad kernel: Dynamic Preempt: voluntary
May 01 09:55:49 mao-ThinkPad kernel: rcu: Preemptible hierarchical RCU implementation.
May 01 09:55:49 mao-ThinkPad kernel: rcu:         RCU restricting CPUs from NR_CPUS=8192 to nr_cpu_ids=16.
May 01 09:55:49 mao-ThinkPad kernel:         Trampoline variant of Tasks RCU enabled.
May 01 09:55:49 mao-ThinkPad kernel:         Rude variant of Tasks RCU enabled.
May 01 09:55:49 mao-ThinkPad kernel:         Tracing variant of Tasks RCU enabled.
May 01 09:55:49 mao-ThinkPad kernel: rcu: RCU calculated value of scheduler-enlistment delay is 100 jiffies.
May 01 09:55:49 mao-ThinkPad kernel: rcu: Adjusting geometry for rcu_fanout_leaf=16, nr_cpu_ids=16
May 01 09:55:49 mao-ThinkPad kernel: NR_IRQS: 524544, nr_irqs: 2184, preallocated irqs: 16
May 01 09:55:49 mao-ThinkPad kernel: rcu: srcu_init: Setting srcu_struct sizes based on contention.
May 01 09:55:49 mao-ThinkPad kernel: Console: colour dummy device 80x25
May 01 09:55:49 mao-ThinkPad kernel: printk: legacy console [tty0] enabled
May 01 09:55:49 mao-ThinkPad kernel: ACPI: Core revision 20230628
May 01 09:55:49 mao-ThinkPad kernel: hpet: HPET dysfunctional in PC10. Force disabled.
May 01 09:55:49 mao-ThinkPad kernel: APIC: Switch to symmetric I/O mode setup
May 01 09:55:49 mao-ThinkPad kernel: DMAR: Host address width 39
May 01 09:55:49 mao-ThinkPad kernel: DMAR: DRHD base: 0x000000fed90000 flags: 0x0
May 01 09:55:49 mao-ThinkPad kernel: DMAR: dmar0: reg_base_addr fed90000 ver 4:0 cap 1c0000c40660462 ecap 29a00f0505e
May 01 09:55:49 mao-ThinkPad kernel: DMAR: DRHD base: 0x000000fed91000 flags: 0x1
May 01 09:55:49 mao-ThinkPad kernel: DMAR: dmar1: reg_base_addr fed91000 ver 5:0 cap d2008c40660462 ecap f050da
May 01 09:55:49 mao-ThinkPad kernel: DMAR: RMRR base: 0x0000009c000000 end: 0x000000a07fffff
May 01 09:55:49 mao-ThinkPad kernel: DMAR-IR: IOAPIC id 2 under DRHD base  0xfed91000 IOMMU 1
May 01 09:55:49 mao-ThinkPad kernel: DMAR-IR: HPET id 0 under DRHD base 0xfed91000
May 01 09:55:49 mao-ThinkPad kernel: DMAR-IR: Queued invalidation will be enabled to support x2apic and Intr-remapping.
May 01 09:55:49 mao-ThinkPad kernel: DMAR-IR: Enabled IRQ remapping in x2apic mode
May 01 09:55:49 mao-ThinkPad kernel: x2apic enabled
May 01 09:55:49 mao-ThinkPad kernel: APIC: Switched APIC routing to: cluster x2apic
May 01 09:55:49 mao-ThinkPad kernel: clocksource: tsc-early: mask: 0xffffffffffffffff max_cycles: 0x1e71785e5dd, max_idle_ns: 440795244814 ns
May 01 09:55:49 mao-ThinkPad kernel: Calibrating delay loop (skipped), value calculated using timer frequency.. 4224.00 BogoMIPS (lpj=2112000)
May 01 09:55:49 mao-ThinkPad kernel: CPU0: Thermal monitoring enabled (TM1)
May 01 09:55:49 mao-ThinkPad kernel: x86/cpu: User Mode Instruction Prevention (UMIP) activated
May 01 09:55:49 mao-ThinkPad kernel: process: using mwait in idle threads
May 01 09:55:49 mao-ThinkPad kernel: Last level iTLB entries: 4KB 0, 2MB 0, 4MB 0
May 01 09:55:49 mao-ThinkPad kernel: Last level dTLB entries: 4KB 0, 2MB 0, 4MB 0, 1GB 0
May 01 09:55:49 mao-ThinkPad kernel: Spectre V1 : Mitigation: usercopy/swapgs barriers and __user pointer sanitization
May 01 09:55:49 mao-ThinkPad kernel: Spectre V2 : Mitigation: Enhanced / Automatic IBRS
May 01 09:55:49 mao-ThinkPad kernel: Spectre V2 : Spectre v2 / SpectreRSB mitigation: Filling RSB on context switch
May 01 09:55:49 mao-ThinkPad kernel: Spectre V2 : Spectre v2 / PBRSB-eIBRS: Retire a single CALL on VMEXIT
May 01 09:55:49 mao-ThinkPad kernel: Spectre V2 : mitigation: Enabling conditional Indirect Branch Prediction Barrier
May 01 09:55:49 mao-ThinkPad kernel: Speculative Store Bypass: Mitigation: Speculative Store Bypass disabled via prctl
May 01 09:55:49 mao-ThinkPad kernel: Register File Data Sampling: Mitigation: Clear Register File
May 01 09:55:49 mao-ThinkPad kernel: x86/fpu: Supporting XSAVE feature 0x001: 'x87 floating point registers'
May 01 09:55:49 mao-ThinkPad kernel: x86/fpu: Supporting XSAVE feature 0x002: 'SSE registers'
May 01 09:55:49 mao-ThinkPad kernel: x86/fpu: Supporting XSAVE feature 0x004: 'AVX registers'
May 01 09:55:49 mao-ThinkPad kernel: x86/fpu: Supporting XSAVE feature 0x200: 'Protection Keys User registers'
May 01 09:55:49 mao-ThinkPad kernel: x86/fpu: Supporting XSAVE feature 0x800: 'Control-flow User registers'
May 01 09:55:49 mao-ThinkPad kernel: x86/fpu: xstate_offset[2]:  576, xstate_sizes[2]:  256
May 01 09:55:49 mao-ThinkPad kernel: x86/fpu: xstate_offset[9]:  832, xstate_sizes[9]:    8
May 01 09:55:49 mao-ThinkPad kernel: x86/fpu: xstate_offset[11]:  840, xstate_sizes[11]:   16
May 01 09:55:49 mao-ThinkPad kernel: x86/fpu: Enabled xstate features 0xa07, context size is 856 bytes, using 'compacted' format.
May 01 09:55:49 mao-ThinkPad kernel: Freeing SMP alternatives memory: 48K
May 01 09:55:49 mao-ThinkPad kernel: pid_max: default: 32768 minimum: 301
May 01 09:55:49 mao-ThinkPad kernel: LSM: initializing lsm=lockdown,capability,landlock,yama,apparmor,integrity
May 01 09:55:49 mao-ThinkPad kernel: landlock: Up and running.
May 01 09:55:49 mao-ThinkPad kernel: Yama: becoming mindful.
May 01 09:55:49 mao-ThinkPad kernel: AppArmor: AppArmor initialized
May 01 09:55:49 mao-ThinkPad kernel: Mount-cache hash table entries: 32768 (order: 6, 262144 bytes, linear)
May 01 09:55:49 mao-ThinkPad kernel: Mountpoint-cache hash table entries: 32768 (order: 6, 262144 bytes, linear)
May 01 09:55:49 mao-ThinkPad kernel: smpboot: CPU0: 12th Gen Intel(R) Core(TM) i5-1240P (family: 0x6, model: 0x9a, stepping: 0x3)
May 01 09:55:49 mao-ThinkPad kernel: RCU Tasks: Setting shift to 4 and lim to 1 rcu_task_cb_adjust=1 rcu_task_cpu_ids=16.
May 01 09:55:49 mao-ThinkPad kernel: RCU Tasks Rude: Setting shift to 4 and lim to 1 rcu_task_cb_adjust=1 rcu_task_cpu_ids=16.
May 01 09:55:49 mao-ThinkPad kernel: RCU Tasks Trace: Setting shift to 4 and lim to 1 rcu_task_cb_adjust=1 rcu_task_cpu_ids=16.
May 01 09:55:49 mao-ThinkPad kernel: Performance Events: XSAVE Architectural LBR, PEBS fmt4+-baseline,  AnyThread deprecated, Alderlake Hybrid events, 32-deep LBR, full-width counters, Intel PMU driver.
May 01 09:55:49 mao-ThinkPad kernel: core: cpu_core PMU driver: 
May 01 09:55:49 mao-ThinkPad kernel: ... version:                5
May 01 09:55:49 mao-ThinkPad kernel: ... bit width:              48
May 01 09:55:49 mao-ThinkPad kernel: ... generic registers:      8
May 01 09:55:49 mao-ThinkPad kernel: ... value mask:             0000ffffffffffff
May 01 09:55:49 mao-ThinkPad kernel: ... max period:             00007fffffffffff
May 01 09:55:49 mao-ThinkPad kernel: ... fixed-purpose events:   4
May 01 09:55:49 mao-ThinkPad kernel: ... event mask:             0001000f000000ff
May 01 09:55:49 mao-ThinkPad kernel: signal: max sigframe size: 3632
May 01 09:55:49 mao-ThinkPad kernel: Estimated ratio of average max frequency by base frequency (times 1024): 1706
May 01 09:55:49 mao-ThinkPad kernel: rcu: Hierarchical SRCU implementation.
May 01 09:55:49 mao-ThinkPad kernel: rcu:         Max phase no-delay instances is 400.
May 01 09:55:49 mao-ThinkPad kernel: NMI watchdog: Enabled. Permanently consumes one hw-PMU counter.
May 01 09:55:49 mao-ThinkPad kernel: smp: Bringing up secondary CPUs ...
May 01 09:55:49 mao-ThinkPad kernel: smpboot: x86: Booting SMP configuration:
May 01 09:55:49 mao-ThinkPad kernel: .... node  #0, CPUs:        #2  #4  #6  #8  #9 #10 #11 #12 #13 #14 #15
May 01 09:55:49 mao-ThinkPad kernel: core: cpu_atom PMU driver: PEBS-via-PT 
May 01 09:55:49 mao-ThinkPad kernel: ... version:                5
May 01 09:55:49 mao-ThinkPad kernel: ... bit width:              48
May 01 09:55:49 mao-ThinkPad kernel: ... generic registers:      6
May 01 09:55:49 mao-ThinkPad kernel: ... value mask:             0000ffffffffffff
May 01 09:55:49 mao-ThinkPad kernel: ... max period:             00007fffffffffff
May 01 09:55:49 mao-ThinkPad kernel: ... fixed-purpose events:   3
May 01 09:55:49 mao-ThinkPad kernel: ... event mask:             000000070000003f
May 01 09:55:49 mao-ThinkPad kernel:   #1  #3  #5  #7
May 01 09:55:49 mao-ThinkPad kernel: smp: Brought up 1 node, 16 CPUs
May 01 09:55:49 mao-ThinkPad kernel: smpboot: Max logical packages: 1
May 01 09:55:49 mao-ThinkPad kernel: smpboot: Total of 16 processors activated (67584.00 BogoMIPS)
May 01 09:55:49 mao-ThinkPad kernel: devtmpfs: initialized
May 01 09:55:49 mao-ThinkPad kernel: x86/mm: Memory block size: 128MB
May 01 09:55:49 mao-ThinkPad kernel: ACPI: PM: Registering ACPI NVS region [mem 0x91b2f000-0x9272efff] (12582912 bytes)
May 01 09:55:49 mao-ThinkPad kernel: clocksource: jiffies: mask: 0xffffffff max_cycles: 0xffffffff, max_idle_ns: 1911260446275000 ns
May 01 09:55:49 mao-ThinkPad kernel: futex hash table entries: 4096 (order: 6, 262144 bytes, linear)
May 01 09:55:49 mao-ThinkPad kernel: pinctrl core: initialized pinctrl subsystem
May 01 09:55:49 mao-ThinkPad kernel: PM: RTC time: 01:55:46, date: 2025-05-01
May 01 09:55:49 mao-ThinkPad kernel: NET: Registered PF_NETLINK/PF_ROUTE protocol family
May 01 09:55:49 mao-ThinkPad kernel: DMA: preallocated 2048 KiB GFP_KERNEL pool for atomic allocations
May 01 09:55:49 mao-ThinkPad kernel: DMA: preallocated 2048 KiB GFP_KERNEL|GFP_DMA pool for atomic allocations
May 01 09:55:49 mao-ThinkPad kernel: DMA: preallocated 2048 KiB GFP_KERNEL|GFP_DMA32 pool for atomic allocations
May 01 09:55:49 mao-ThinkPad kernel: audit: initializing netlink subsys (disabled)
May 01 09:55:49 mao-ThinkPad kernel: audit: type=2000 audit(1746064546.031:1): state=initialized audit_enabled=0 res=1
May 01 09:55:49 mao-ThinkPad kernel: thermal_sys: Registered thermal governor 'fair_share'
May 01 09:55:49 mao-ThinkPad kernel: thermal_sys: Registered thermal governor 'bang_bang'
May 01 09:55:49 mao-ThinkPad kernel: thermal_sys: Registered thermal governor 'step_wise'
May 01 09:55:49 mao-ThinkPad kernel: thermal_sys: Registered thermal governor 'user_space'
May 01 09:55:49 mao-ThinkPad kernel: thermal_sys: Registered thermal governor 'power_allocator'
May 01 09:55:49 mao-ThinkPad kernel: EISA bus registered
May 01 09:55:49 mao-ThinkPad kernel: cpuidle: using governor ladder
May 01 09:55:49 mao-ThinkPad kernel: cpuidle: using governor menu
May 01 09:55:49 mao-ThinkPad kernel: acpiphp: ACPI Hot Plug PCI Controller Driver version: 0.5
May 01 09:55:49 mao-ThinkPad kernel: PCI: ECAM [mem 0xc0000000-0xcfffffff] (base 0xc0000000) for domain 0000 [bus 00-ff]
May 01 09:55:49 mao-ThinkPad kernel: PCI: Using configuration type 1 for base access
May 01 09:55:49 mao-ThinkPad kernel: kprobes: kprobe jump-optimization is enabled. All kprobes are optimized if possible.
May 01 09:55:49 mao-ThinkPad kernel: HugeTLB: registered 1.00 GiB page size, pre-allocated 0 pages
May 01 09:55:49 mao-ThinkPad kernel: HugeTLB: 16380 KiB vmemmap can be freed for a 1.00 GiB page
May 01 09:55:49 mao-ThinkPad kernel: HugeTLB: registered 2.00 MiB page size, pre-allocated 0 pages
May 01 09:55:49 mao-ThinkPad kernel: HugeTLB: 28 KiB vmemmap can be freed for a 2.00 MiB page
May 01 09:55:49 mao-ThinkPad kernel: ACPI: Added _OSI(Module Device)
May 01 09:55:49 mao-ThinkPad kernel: ACPI: Added _OSI(Processor Device)
May 01 09:55:49 mao-ThinkPad kernel: ACPI: Added _OSI(3.0 _SCP Extensions)
May 01 09:55:49 mao-ThinkPad kernel: ACPI: Added _OSI(Processor Aggregator Device)
May 01 09:55:49 mao-ThinkPad kernel: ACPI BIOS Error (bug): Failure creating named object [\_SB.WMI6], AE_ALREADY_EXISTS (20230628/dswload2-326)
May 01 09:55:49 mao-ThinkPad kernel: ACPI Error: AE_ALREADY_EXISTS, During name lookup/catalog (20230628/psobject-220)
May 01 09:55:49 mao-ThinkPad kernel: ACPI: Skipping parse of AML opcode: Device (0x5B82)
May 01 09:55:49 mao-ThinkPad kernel: ACPI: 19 ACPI AML tables successfully acquired and loaded
May 01 09:55:49 mao-ThinkPad kernel: ACPI: EC: EC started
May 01 09:55:49 mao-ThinkPad kernel: ACPI: EC: interrupt blocked
May 01 09:55:49 mao-ThinkPad kernel: ACPI: EC: EC_CMD/EC_SC=0x66, EC_DATA=0x62
May 01 09:55:49 mao-ThinkPad kernel: ACPI: EC: Boot ECDT EC used to handle transactions
May 01 09:55:49 mao-ThinkPad kernel: ACPI: [Firmware Bug]: BIOS _OSI(Linux) query ignored
May 01 09:55:49 mao-ThinkPad kernel: ACPI: USB4 _OSC: OS supports USB3+ DisplayPort+ PCIe+ XDomain+
May 01 09:55:49 mao-ThinkPad kernel: ACPI: USB4 _OSC: OS controls USB3+ DisplayPort+ PCIe+ XDomain+
May 01 09:55:49 mao-ThinkPad kernel: ACPI: Dynamic OEM Table Load:
May 01 09:55:49 mao-ThinkPad kernel: ACPI: SSDT 0xFFFF89BA0143B400 000394 (v02 PmRef  Cpu0Cst  00003001 INTL 20200717)
May 01 09:55:49 mao-ThinkPad kernel: ACPI: Dynamic OEM Table Load:
May 01 09:55:49 mao-ThinkPad kernel: ACPI: SSDT 0xFFFF89BA01441000 000560 (v02 PmRef  Cpu0Ist  00003000 INTL 20200717)
May 01 09:55:49 mao-ThinkPad kernel: ACPI: Dynamic OEM Table Load:
May 01 09:55:49 mao-ThinkPad kernel: ACPI: SSDT 0xFFFF89BA02A15E00 0001AB (v02 PmRef  Cpu0Psd  00003000 INTL 20200717)
May 01 09:55:49 mao-ThinkPad kernel: ACPI: Dynamic OEM Table Load:
May 01 09:55:49 mao-ThinkPad kernel: ACPI: SSDT 0xFFFF89BA01442800 000476 (v02 PmRef  Cpu0Hwp  00003000 INTL 20200717)
May 01 09:55:49 mao-ThinkPad kernel: ACPI: Dynamic OEM Table Load:
May 01 09:55:49 mao-ThinkPad kernel: ACPI: SSDT 0xFFFF89BA0144C000 001BAF (v02 PmRef  ApIst    00003000 INTL 20200717)
May 01 09:55:49 mao-ThinkPad kernel: ACPI: Dynamic OEM Table Load:
May 01 09:55:49 mao-ThinkPad kernel: ACPI: SSDT 0xFFFF89BA0144E000 001038 (v02 PmRef  ApHwp    00003000 INTL 20200717)
May 01 09:55:49 mao-ThinkPad kernel: ACPI: Dynamic OEM Table Load:
May 01 09:55:49 mao-ThinkPad kernel: ACPI: SSDT 0xFFFF89BA0144A000 001349 (v02 PmRef  ApPsd    00003000 INTL 20200717)
May 01 09:55:49 mao-ThinkPad kernel: ACPI: Dynamic OEM Table Load:
May 01 09:55:49 mao-ThinkPad kernel: ACPI: SSDT 0xFFFF89BA02A50000 000FBB (v02 PmRef  ApCst    00003000 INTL 20200717)
May 01 09:55:49 mao-ThinkPad kernel: ACPI: _OSC evaluated successfully for all CPUs
May 01 09:55:49 mao-ThinkPad kernel: ACPI: Interpreter enabled
May 01 09:55:49 mao-ThinkPad kernel: ACPI: PM: (supports S0 S4 S5)
May 01 09:55:49 mao-ThinkPad kernel: ACPI: Using IOAPIC for interrupt routing
May 01 09:55:49 mao-ThinkPad kernel: PCI: Using host bridge windows from ACPI; if necessary, use "pci=nocrs" and report a bug
May 01 09:55:49 mao-ThinkPad kernel: PCI: Ignoring E820 reservations for host bridge windows
May 01 09:55:49 mao-ThinkPad kernel: ACPI: Enabled 10 GPEs in block 00 to 7F
May 01 09:55:49 mao-ThinkPad kernel: ACPI: \_SB_.PC00.PEG0.PXP_: New power resource
May 01 09:55:49 mao-ThinkPad kernel: ACPI: \_SB_.PC00.PEG2.PXP_: New power resource
May 01 09:55:49 mao-ThinkPad kernel: ACPI: \_SB_.PC00.LPCB.EC__.PUBS: New power resource
May 01 09:55:49 mao-ThinkPad kernel: ACPI: \_SB_.PC00.XHCI.RHUB.HS10.BTRT: New power resource
May 01 09:55:49 mao-ThinkPad kernel: ACPI: \_SB_.PC00.I2C2.PXTC: New power resource
May 01 09:55:49 mao-ThinkPad kernel: ACPI: \_SB_.PC00.CNVW.WRST: New power resource
May 01 09:55:49 mao-ThinkPad kernel: ACPI: \_SB_.PC00.RP08.PXP_: New power resource
May 01 09:55:49 mao-ThinkPad kernel: ACPI: \_SB_.PC00.RP09.PXP_: New power resource
May 01 09:55:49 mao-ThinkPad kernel: ACPI: \_SB_.PC00.TBT0: New power resource
May 01 09:55:49 mao-ThinkPad kernel: ACPI: \_SB_.PC00.TBT1: New power resource
May 01 09:55:49 mao-ThinkPad kernel: ACPI: \PIN_: New power resource
May 01 09:55:49 mao-ThinkPad kernel: ACPI: \PINP: New power resource
May 01 09:55:49 mao-ThinkPad kernel: ACPI: PCI Root Bridge [PC00] (domain 0000 [bus 00-fe])
May 01 09:55:49 mao-ThinkPad kernel: acpi PNP0A08:00: _OSC: OS supports [ExtendedConfig ASPM ClockPM Segments MSI EDR HPX-Type3]
May 01 09:55:49 mao-ThinkPad kernel: acpi PNP0A08:00: _OSC: platform does not support [AER]
May 01 09:55:49 mao-ThinkPad kernel: acpi PNP0A08:00: _OSC: OS now controls [PCIeHotplug SHPCHotplug PME PCIeCapability LTR DPC]
May 01 09:55:49 mao-ThinkPad kernel: PCI host bridge to bus 0000:00
May 01 09:55:49 mao-ThinkPad kernel: pci_bus 0000:00: root bus resource [io  0x0000-0x0cf7 window]
May 01 09:55:49 mao-ThinkPad kernel: pci_bus 0000:00: root bus resource [io  0x0d00-0xffff window]
May 01 09:55:49 mao-ThinkPad kernel: pci_bus 0000:00: root bus resource [mem 0x000a0000-0x000bffff window]
May 01 09:55:49 mao-ThinkPad kernel: pci_bus 0000:00: root bus resource [mem 0xa0800000-0xbfffffff window]
May 01 09:55:49 mao-ThinkPad kernel: pci_bus 0000:00: root bus resource [mem 0x4000000000-0x7fffffffff window]
May 01 09:55:49 mao-ThinkPad kernel: pci_bus 0000:00: root bus resource [bus 00-fe]
May 01 09:55:49 mao-ThinkPad kernel: pci 0000:00:00.0: [8086:4621] type 00 class 0x060000 conventional PCI endpoint
May 01 09:55:49 mao-ThinkPad kernel: pci 0000:00:02.0: [8086:46a6] type 00 class 0x030000 PCIe Root Complex Integrated Endpoint
May 01 09:55:49 mao-ThinkPad kernel: pci 0000:00:02.0: BAR 0 [mem 0x601c000000-0x601cffffff 64bit]
May 01 09:55:49 mao-ThinkPad kernel: pci 0000:00:02.0: BAR 2 [mem 0x4000000000-0x400fffffff 64bit pref]
May 01 09:55:49 mao-ThinkPad kernel: pci 0000:00:02.0: BAR 4 [io  0x2000-0x203f]
May 01 09:55:49 mao-ThinkPad kernel: pci 0000:00:02.0: DMAR: Skip IOMMU disabling for graphics
May 01 09:55:49 mao-ThinkPad kernel: pci 0000:00:02.0: Video device with shadowed ROM at [mem 0x000c0000-0x000dffff]
May 01 09:55:49 mao-ThinkPad kernel: pci 0000:00:02.0: VF BAR 0 [mem 0x00000000-0x00ffffff 64bit]
May 01 09:55:49 mao-ThinkPad kernel: pci 0000:00:02.0: VF BAR 0 [mem 0x00000000-0x06ffffff 64bit]: contains BAR 0 for 7 VFs
May 01 09:55:49 mao-ThinkPad kernel: pci 0000:00:02.0: VF BAR 2 [mem 0x00000000-0x1fffffff 64bit pref]
May 01 09:55:49 mao-ThinkPad kernel: pci 0000:00:02.0: VF BAR 2 [mem 0x00000000-0xdfffffff 64bit pref]: contains BAR 2 for 7 VFs
May 01 09:55:49 mao-ThinkPad kernel: pci 0000:00:04.0: [8086:461d] type 00 class 0x118000 conventional PCI endpoint
May 01 09:55:49 mao-ThinkPad kernel: pci 0000:00:04.0: BAR 0 [mem 0x601d180000-0x601d19ffff 64bit]
May 01 09:55:49 mao-ThinkPad kernel: pci 0000:00:06.0: [8086:464d] type 01 class 0x060400 PCIe Root Port
May 01 09:55:49 mao-ThinkPad kernel: pci 0000:00:06.0: PCI bridge to [bus 01]
May 01 09:55:49 mao-ThinkPad kernel: pci 0000:00:06.0:   bridge window [mem 0xae200000-0xae2fffff]
May 01 09:55:49 mao-ThinkPad kernel: pci 0000:00:06.0: PME# supported from D0 D3hot D3cold
May 01 09:55:49 mao-ThinkPad kernel: pci 0000:00:06.0: PTM enabled (root), 4ns granularity
May 01 09:55:49 mao-ThinkPad kernel: pci 0000:00:07.0: [8086:466e] type 01 class 0x060400 PCIe Root Port
May 01 09:55:49 mao-ThinkPad kernel: pci 0000:00:07.0: PCI bridge to [bus 02-2b]
May 01 09:55:49 mao-ThinkPad kernel: pci 0000:00:07.0:   bridge window [mem 0xa2000000-0xae1fffff]
May 01 09:55:49 mao-ThinkPad kernel: pci 0000:00:07.0:   bridge window [mem 0x6000000000-0x601bffffff 64bit pref]
May 01 09:55:49 mao-ThinkPad kernel: pci 0000:00:07.0: Overriding RP PIO Log Size to 4
May 01 09:55:49 mao-ThinkPad kernel: pci 0000:00:07.0: PME# supported from D0 D3hot D3cold
May 01 09:55:49 mao-ThinkPad kernel: pci 0000:00:07.0: PTM enabled (root), 4ns granularity
May 01 09:55:49 mao-ThinkPad kernel: pci 0000:00:08.0: [8086:464f] type 00 class 0x088000 conventional PCI endpoint
May 01 09:55:49 mao-ThinkPad kernel: pci 0000:00:08.0: BAR 0 [mem 0x601d1db000-0x601d1dbfff 64bit]
May 01 09:55:49 mao-ThinkPad kernel: pci 0000:00:0a.0: [8086:467d] type 00 class 0x118000 PCIe Root Complex Integrated Endpoint
May 01 09:55:49 mao-ThinkPad kernel: pci 0000:00:0a.0: BAR 0 [mem 0x601d1c0000-0x601d1c7fff 64bit]
May 01 09:55:49 mao-ThinkPad kernel: pci 0000:00:0a.0: enabling Extended Tags
May 01 09:55:49 mao-ThinkPad kernel: pci 0000:00:0d.0: [8086:461e] type 00 class 0x0c0330 conventional PCI endpoint
May 01 09:55:49 mao-ThinkPad kernel: pci 0000:00:0d.0: BAR 0 [mem 0x601d1b0000-0x601d1bffff 64bit]
May 01 09:55:49 mao-ThinkPad kernel: pci 0000:00:0d.0: PME# supported from D3hot D3cold
May 01 09:55:49 mao-ThinkPad kernel: pci 0000:00:0d.2: [8086:463e] type 00 class 0x0c0340 conventional PCI endpoint
May 01 09:55:49 mao-ThinkPad kernel: pci 0000:00:0d.2: BAR 0 [mem 0x601d140000-0x601d17ffff 64bit]
May 01 09:55:49 mao-ThinkPad kernel: pci 0000:00:0d.2: BAR 2 [mem 0x601d1da000-0x601d1dafff 64bit]
May 01 09:55:49 mao-ThinkPad kernel: pci 0000:00:0d.2: supports D1 D2
May 01 09:55:49 mao-ThinkPad kernel: pci 0000:00:0d.2: PME# supported from D0 D1 D2 D3hot D3cold
May 01 09:55:49 mao-ThinkPad kernel: pci 0000:00:0d.3: [8086:466d] type 00 class 0x0c0340 conventional PCI endpoint
May 01 09:55:49 mao-ThinkPad kernel: pci 0000:00:0d.3: BAR 0 [mem 0x601d100000-0x601d13ffff 64bit]
May 01 09:55:49 mao-ThinkPad kernel: pci 0000:00:0d.3: BAR 2 [mem 0x601d1d9000-0x601d1d9fff 64bit]
May 01 09:55:49 mao-ThinkPad kernel: pci 0000:00:0d.3: supports D1 D2
May 01 09:55:49 mao-ThinkPad kernel: pci 0000:00:0d.3: PME# supported from D0 D1 D2 D3hot D3cold
May 01 09:55:49 mao-ThinkPad kernel: pci 0000:00:14.0: [8086:51ed] type 00 class 0x0c0330 conventional PCI endpoint
May 01 09:55:49 mao-ThinkPad kernel: pci 0000:00:14.0: BAR 0 [mem 0x601d1a0000-0x601d1affff 64bit]
May 01 09:55:49 mao-ThinkPad kernel: pci 0000:00:14.0: PME# supported from D3hot D3cold
May 01 09:55:49 mao-ThinkPad kernel: pci 0000:00:14.2: [8086:51ef] type 00 class 0x050000 conventional PCI endpoint
May 01 09:55:49 mao-ThinkPad kernel: pci 0000:00:14.2: BAR 0 [mem 0x601d1d0000-0x601d1d3fff 64bit]
May 01 09:55:49 mao-ThinkPad kernel: pci 0000:00:14.2: BAR 2 [mem 0x601d1d8000-0x601d1d8fff 64bit]
May 01 09:55:49 mao-ThinkPad kernel: pci 0000:00:14.3: [8086:51f0] type 00 class 0x028000 PCIe Root Complex Integrated Endpoint
May 01 09:55:49 mao-ThinkPad kernel: pci 0000:00:14.3: BAR 0 [mem 0x601d1cc000-0x601d1cffff 64bit]
May 01 09:55:49 mao-ThinkPad kernel: pci 0000:00:14.3: PME# supported from D0 D3hot D3cold
May 01 09:55:49 mao-ThinkPad kernel: pci 0000:00:15.0: [8086:51e8] type 00 class 0x0c8000 conventional PCI endpoint
May 01 09:55:49 mao-ThinkPad kernel: pci 0000:00:15.0: BAR 0 [mem 0x00000000-0x00000fff 64bit]
May 01 09:55:49 mao-ThinkPad kernel: pci 0000:00:15.2: [8086:51ea] type 00 class 0x0c8000 conventional PCI endpoint
May 01 09:55:49 mao-ThinkPad kernel: pci 0000:00:15.2: BAR 0 [mem 0x00000000-0x00000fff 64bit]
May 01 09:55:49 mao-ThinkPad kernel: pci 0000:00:16.0: [8086:51e0] type 00 class 0x078000 conventional PCI endpoint
May 01 09:55:49 mao-ThinkPad kernel: pci 0000:00:16.0: BAR 0 [mem 0x601d1d5000-0x601d1d5fff 64bit]
May 01 09:55:49 mao-ThinkPad kernel: pci 0000:00:16.0: PME# supported from D3hot
May 01 09:55:49 mao-ThinkPad kernel: pci 0000:00:1f.0: [8086:5182] type 00 class 0x060100 conventional PCI endpoint
May 01 09:55:49 mao-ThinkPad kernel: pci 0000:00:1f.3: [8086:51c8] type 00 class 0x040100 conventional PCI endpoint
May 01 09:55:49 mao-ThinkPad kernel: pci 0000:00:1f.3: BAR 0 [mem 0x601d1c8000-0x601d1cbfff 64bit]
May 01 09:55:49 mao-ThinkPad kernel: pci 0000:00:1f.3: BAR 4 [mem 0x601d000000-0x601d0fffff 64bit]
May 01 09:55:49 mao-ThinkPad kernel: pci 0000:00:1f.3: PME# supported from D3hot D3cold
May 01 09:55:49 mao-ThinkPad kernel: pci 0000:00:1f.4: [8086:51a3] type 00 class 0x0c0500 conventional PCI endpoint
May 01 09:55:49 mao-ThinkPad kernel: pci 0000:00:1f.4: BAR 0 [mem 0x601d1d4000-0x601d1d40ff 64bit]
May 01 09:55:49 mao-ThinkPad kernel: pci 0000:00:1f.4: BAR 4 [io  0xefa0-0xefbf]
May 01 09:55:49 mao-ThinkPad kernel: pci 0000:00:1f.5: [8086:51a4] type 00 class 0x0c8000 conventional PCI endpoint
May 01 09:55:49 mao-ThinkPad kernel: pci 0000:00:1f.5: BAR 0 [mem 0xfe010000-0xfe010fff]
May 01 09:55:49 mao-ThinkPad kernel: pci 0000:00:1f.6: [8086:1a1f] type 00 class 0x020000 conventional PCI endpoint
May 01 09:55:49 mao-ThinkPad kernel: pci 0000:00:1f.6: BAR 0 [mem 0xae300000-0xae31ffff]
May 01 09:55:49 mao-ThinkPad kernel: pci 0000:00:1f.6: PME# supported from D0 D3hot D3cold
May 01 09:55:49 mao-ThinkPad kernel: pci 0000:01:00.0: [1344:5411] type 00 class 0x010802 PCIe Endpoint
May 01 09:55:49 mao-ThinkPad kernel: pci 0000:01:00.0: BAR 0 [mem 0xae200000-0xae203fff 64bit]
May 01 09:55:49 mao-ThinkPad kernel: pci 0000:00:06.0: PCI bridge to [bus 01]
May 01 09:55:49 mao-ThinkPad kernel: pci 0000:00:07.0: PCI bridge to [bus 02-2b]
May 01 09:55:49 mao-ThinkPad kernel: ACPI: \_SB_.PEPD: Duplicate LPS0 _DSM functions (mask: 0x79)
May 01 09:55:49 mao-ThinkPad kernel: Low-power S0 idle used by default for system suspend
May 01 09:55:49 mao-ThinkPad kernel: ACPI: EC: interrupt unblocked
May 01 09:55:49 mao-ThinkPad kernel: ACPI: EC: event unblocked
May 01 09:55:49 mao-ThinkPad kernel: ACPI: EC: EC_CMD/EC_SC=0x66, EC_DATA=0x62
May 01 09:55:49 mao-ThinkPad kernel: ACPI: EC: GPE=0x6e
May 01 09:55:49 mao-ThinkPad kernel: ACPI: \_SB_.PC00.LPCB.EC__: Boot ECDT EC initialization complete
May 01 09:55:49 mao-ThinkPad kernel: ACPI: \_SB_.PC00.LPCB.EC__: EC: Used to handle transactions and events
May 01 09:55:49 mao-ThinkPad kernel: iommu: Default domain type: Translated
May 01 09:55:49 mao-ThinkPad kernel: iommu: DMA domain TLB invalidation policy: lazy mode
May 01 09:55:49 mao-ThinkPad kernel: SCSI subsystem initialized
May 01 09:55:49 mao-ThinkPad kernel: libata version 3.00 loaded.
May 01 09:55:49 mao-ThinkPad kernel: ACPI: bus type USB registered
May 01 09:55:49 mao-ThinkPad kernel: usbcore: registered new interface driver usbfs
May 01 09:55:49 mao-ThinkPad kernel: usbcore: registered new interface driver hub
May 01 09:55:49 mao-ThinkPad kernel: usbcore: registered new device driver usb
May 01 09:55:49 mao-ThinkPad kernel: pps_core: LinuxPPS API ver. 1 registered
May 01 09:55:49 mao-ThinkPad kernel: pps_core: Software ver. 5.3.6 - Copyright 2005-2007 Rodolfo Giometti <giometti@linux.it>
May 01 09:55:49 mao-ThinkPad kernel: PTP clock support registered
May 01 09:55:49 mao-ThinkPad kernel: EDAC MC: Ver: 3.0.0
May 01 09:55:49 mao-ThinkPad kernel: efivars: Registered efivars operations
May 01 09:55:49 mao-ThinkPad kernel: NetLabel: Initializing
May 01 09:55:49 mao-ThinkPad kernel: NetLabel:  domain hash size = 128
May 01 09:55:49 mao-ThinkPad kernel: NetLabel:  protocols = UNLABELED CIPSOv4 CALIPSO
May 01 09:55:49 mao-ThinkPad kernel: NetLabel:  unlabeled traffic allowed by default
May 01 09:55:49 mao-ThinkPad kernel: mctp: management component transport protocol core
May 01 09:55:49 mao-ThinkPad kernel: NET: Registered PF_MCTP protocol family
May 01 09:55:49 mao-ThinkPad kernel: PCI: Using ACPI for IRQ routing
May 01 09:55:49 mao-ThinkPad kernel: PCI: pci_cache_line_size set to 64 bytes
May 01 09:55:49 mao-ThinkPad kernel: pci 0000:00:1f.5: BAR 0 [mem 0xfe010000-0xfe010fff]: can't claim; no compatible bridge window
May 01 09:55:49 mao-ThinkPad kernel: e820: reserve RAM buffer [mem 0x0009f000-0x0009ffff]
May 01 09:55:49 mao-ThinkPad kernel: e820: reserve RAM buffer [mem 0x86edb000-0x87ffffff]
May 01 09:55:49 mao-ThinkPad kernel: e820: reserve RAM buffer [mem 0x88603000-0x8bffffff]
May 01 09:55:49 mao-ThinkPad kernel: e820: reserve RAM buffer [mem 0x8c3f4000-0x8fffffff]
May 01 09:55:49 mao-ThinkPad kernel: e820: reserve RAM buffer [mem 0x92800000-0x93ffffff]
May 01 09:55:49 mao-ThinkPad kernel: e820: reserve RAM buffer [mem 0x45f800000-0x45fffffff]
May 01 09:55:49 mao-ThinkPad kernel: pci 0000:00:02.0: vgaarb: setting as boot VGA device
May 01 09:55:49 mao-ThinkPad kernel: pci 0000:00:02.0: vgaarb: bridge control possible
May 01 09:55:49 mao-ThinkPad kernel: pci 0000:00:02.0: vgaarb: VGA device added: decodes=io+mem,owns=mem,locks=none
May 01 09:55:49 mao-ThinkPad kernel: vgaarb: loaded
May 01 09:55:49 mao-ThinkPad kernel: clocksource: Switched to clocksource tsc-early
May 01 09:55:49 mao-ThinkPad kernel: VFS: Disk quotas dquot_6.6.0
May 01 09:55:49 mao-ThinkPad kernel: VFS: Dquot-cache hash table entries: 512 (order 0, 4096 bytes)
May 01 09:55:49 mao-ThinkPad kernel: AppArmor: AppArmor Filesystem Enabled
May 01 09:55:49 mao-ThinkPad kernel: pnp: PnP ACPI init
May 01 09:55:49 mao-ThinkPad kernel: system 00:00: [io  0x0680-0x069f] has been reserved
May 01 09:55:49 mao-ThinkPad kernel: system 00:00: [io  0x164e-0x164f] has been reserved
May 01 09:55:49 mao-ThinkPad kernel: system 00:01: [io  0x1854-0x1857] has been reserved
May 01 09:55:49 mao-ThinkPad kernel: pnp 00:04: disabling [mem 0xc0000000-0xcfffffff] because it overlaps 0000:00:02.0 BAR 9 [mem 0x00000000-0xdfffffff 64bit pref]
May 01 09:55:49 mao-ThinkPad kernel: system 00:04: [io  0x1800-0x189f] could not be reserved
May 01 09:55:49 mao-ThinkPad kernel: system 00:04: [io  0x0800-0x087f] has been reserved
May 01 09:55:49 mao-ThinkPad kernel: system 00:04: [io  0x0880-0x08ff] has been reserved
May 01 09:55:49 mao-ThinkPad kernel: system 00:04: [io  0x0900-0x097f] has been reserved
May 01 09:55:49 mao-ThinkPad kernel: system 00:04: [io  0x0980-0x09ff] has been reserved
May 01 09:55:49 mao-ThinkPad kernel: system 00:04: [io  0x0a00-0x0a7f] has been reserved
May 01 09:55:49 mao-ThinkPad kernel: system 00:04: [io  0x0a80-0x0aff] has been reserved
May 01 09:55:49 mao-ThinkPad kernel: system 00:04: [io  0x0b00-0x0b7f] has been reserved
May 01 09:55:49 mao-ThinkPad kernel: system 00:04: [io  0x0b80-0x0bff] has been reserved
May 01 09:55:49 mao-ThinkPad kernel: system 00:04: [mem 0xfed10000-0xfed13fff] has been reserved
May 01 09:55:49 mao-ThinkPad kernel: system 00:04: [mem 0xfed18000-0xfed18fff] has been reserved
May 01 09:55:49 mao-ThinkPad kernel: system 00:04: [mem 0xfed19000-0xfed19fff] has been reserved
May 01 09:55:49 mao-ThinkPad kernel: system 00:04: [mem 0xfeb00000-0xfebfffff] has been reserved
May 01 09:55:49 mao-ThinkPad kernel: system 00:04: [mem 0xfed20000-0xfed3ffff] has been reserved
May 01 09:55:49 mao-ThinkPad kernel: system 00:04: [mem 0xfed90000-0xfed93fff] could not be reserved
May 01 09:55:49 mao-ThinkPad kernel: pnp 00:05: disabling [mem 0xc0000000-0xcfffffff] because it overlaps 0000:00:02.0 BAR 9 [mem 0x00000000-0xdfffffff 64bit pref]
May 01 09:55:49 mao-ThinkPad kernel: system 00:05: [mem 0xfedc0000-0xfedc7fff] has been reserved
May 01 09:55:49 mao-ThinkPad kernel: system 00:05: [mem 0xfeda0000-0xfeda0fff] has been reserved
May 01 09:55:49 mao-ThinkPad kernel: system 00:05: [mem 0xfeda1000-0xfeda1fff] has been reserved
May 01 09:55:49 mao-ThinkPad kernel: system 00:05: [mem 0xfed20000-0xfed7ffff] could not be reserved
May 01 09:55:49 mao-ThinkPad kernel: system 00:05: [mem 0xfed90000-0xfed93fff] could not be reserved
May 01 09:55:49 mao-ThinkPad kernel: system 00:05: [mem 0xfed45000-0xfed8ffff] could not be reserved
May 01 09:55:49 mao-ThinkPad kernel: system 00:05: [mem 0xfee00000-0xfeefffff] has been reserved
May 01 09:55:49 mao-ThinkPad kernel: system 00:06: [io  0xff00-0xfffe] has been reserved
May 01 09:55:49 mao-ThinkPad kernel: pnp 00:08: disabling [mem 0x000c0000-0x000c3fff] because it overlaps 0000:00:02.0 BAR 6 [mem 0x000c0000-0x000dffff]
May 01 09:55:49 mao-ThinkPad kernel: pnp 00:08: disabling [mem 0x000c8000-0x000cbfff] because it overlaps 0000:00:02.0 BAR 6 [mem 0x000c0000-0x000dffff]
May 01 09:55:49 mao-ThinkPad kernel: pnp 00:08: disabling [mem 0x000d0000-0x000d3fff] because it overlaps 0000:00:02.0 BAR 6 [mem 0x000c0000-0x000dffff]
May 01 09:55:49 mao-ThinkPad kernel: pnp 00:08: disabling [mem 0x000d8000-0x000dbfff] because it overlaps 0000:00:02.0 BAR 6 [mem 0x000c0000-0x000dffff]
May 01 09:55:49 mao-ThinkPad kernel: pnp 00:08: disabling [mem 0x00000000-0x0009ffff] because it overlaps 0000:00:02.0 BAR 7 [mem 0x00000000-0x06ffffff 64bit]
May 01 09:55:49 mao-ThinkPad kernel: pnp 00:08: disabling [mem 0x000c0000-0x000c3fff disabled] because it overlaps 0000:00:02.0 BAR 7 [mem 0x00000000-0x06ffffff 64bit]
May 01 09:55:49 mao-ThinkPad kernel: pnp 00:08: disabling [mem 0x000c8000-0x000cbfff disabled] because it overlaps 0000:00:02.0 BAR 7 [mem 0x00000000-0x06ffffff 64bit]
May 01 09:55:49 mao-ThinkPad kernel: pnp 00:08: disabling [mem 0x000d0000-0x000d3fff disabled] because it overlaps 0000:00:02.0 BAR 7 [mem 0x00000000-0x06ffffff 64bit]
May 01 09:55:49 mao-ThinkPad kernel: pnp 00:08: disabling [mem 0x000d8000-0x000dbfff disabled] because it overlaps 0000:00:02.0 BAR 7 [mem 0x00000000-0x06ffffff 64bit]
May 01 09:55:49 mao-ThinkPad kernel: pnp 00:08: disabling [mem 0x000e0000-0x000e3fff] because it overlaps 0000:00:02.0 BAR 7 [mem 0x00000000-0x06ffffff 64bit]
May 01 09:55:49 mao-ThinkPad kernel: pnp 00:08: disabling [mem 0x000e8000-0x000ebfff] because it overlaps 0000:00:02.0 BAR 7 [mem 0x00000000-0x06ffffff 64bit]
May 01 09:55:49 mao-ThinkPad kernel: pnp 00:08: disabling [mem 0x000f0000-0x000fffff] because it overlaps 0000:00:02.0 BAR 7 [mem 0x00000000-0x06ffffff 64bit]
May 01 09:55:49 mao-ThinkPad kernel: pnp 00:08: disabling [mem 0x00100000-0xa07fffff] because it overlaps 0000:00:02.0 BAR 7 [mem 0x00000000-0x06ffffff 64bit]
May 01 09:55:49 mao-ThinkPad kernel: pnp 00:08: disabling [mem 0x00000000-0x0009ffff disabled] because it overlaps 0000:00:02.0 BAR 9 [mem 0x00000000-0xdfffffff 64bit pref]
May 01 09:55:49 mao-ThinkPad kernel: pnp 00:08: disabling [mem 0x000c0000-0x000c3fff disabled] because it overlaps 0000:00:02.0 BAR 9 [mem 0x00000000-0xdfffffff 64bit pref]
May 01 09:55:49 mao-ThinkPad kernel: pnp 00:08: disabling [mem 0x000c8000-0x000cbfff disabled] because it overlaps 0000:00:02.0 BAR 9 [mem 0x00000000-0xdfffffff 64bit pref]
May 01 09:55:49 mao-ThinkPad kernel: pnp 00:08: disabling [mem 0x000d0000-0x000d3fff disabled] because it overlaps 0000:00:02.0 BAR 9 [mem 0x00000000-0xdfffffff 64bit pref]
May 01 09:55:49 mao-ThinkPad kernel: pnp 00:08: disabling [mem 0x000d8000-0x000dbfff disabled] because it overlaps 0000:00:02.0 BAR 9 [mem 0x00000000-0xdfffffff 64bit pref]
May 01 09:55:49 mao-ThinkPad kernel: pnp 00:08: disabling [mem 0x000e0000-0x000e3fff disabled] because it overlaps 0000:00:02.0 BAR 9 [mem 0x00000000-0xdfffffff 64bit pref]
May 01 09:55:49 mao-ThinkPad kernel: pnp 00:08: disabling [mem 0x000e8000-0x000ebfff disabled] because it overlaps 0000:00:02.0 BAR 9 [mem 0x00000000-0xdfffffff 64bit pref]
May 01 09:55:49 mao-ThinkPad kernel: pnp 00:08: disabling [mem 0x000f0000-0x000fffff disabled] because it overlaps 0000:00:02.0 BAR 9 [mem 0x00000000-0xdfffffff 64bit pref]
May 01 09:55:49 mao-ThinkPad kernel: pnp 00:08: disabling [mem 0x00100000-0xa07fffff disabled] because it overlaps 0000:00:02.0 BAR 9 [mem 0x00000000-0xdfffffff 64bit pref]
May 01 09:55:49 mao-ThinkPad kernel: system 00:08: [mem 0xfec00000-0xfed3ffff] could not be reserved
May 01 09:55:49 mao-ThinkPad kernel: system 00:08: [mem 0xfed4c000-0xffffffff] could not be reserved
May 01 09:55:49 mao-ThinkPad kernel: pnp: PnP ACPI: found 9 devices
May 01 09:55:49 mao-ThinkPad kernel: clocksource: acpi_pm: mask: 0xffffff max_cycles: 0xffffff, max_idle_ns: 2085701024 ns
May 01 09:55:49 mao-ThinkPad kernel: NET: Registered PF_INET protocol family
May 01 09:55:49 mao-ThinkPad kernel: IP idents hash table entries: 262144 (order: 9, 2097152 bytes, linear)
May 01 09:55:49 mao-ThinkPad kernel: tcp_listen_portaddr_hash hash table entries: 8192 (order: 5, 131072 bytes, linear)
May 01 09:55:49 mao-ThinkPad kernel: Table-perturb hash table entries: 65536 (order: 6, 262144 bytes, linear)
May 01 09:55:49 mao-ThinkPad kernel: TCP established hash table entries: 131072 (order: 8, 1048576 bytes, linear)
May 01 09:55:49 mao-ThinkPad kernel: TCP bind hash table entries: 65536 (order: 9, 2097152 bytes, linear)
May 01 09:55:49 mao-ThinkPad kernel: TCP: Hash tables configured (established 131072 bind 65536)
May 01 09:55:49 mao-ThinkPad kernel: MPTCP token hash table entries: 16384 (order: 6, 393216 bytes, linear)
May 01 09:55:49 mao-ThinkPad kernel: UDP hash table entries: 8192 (order: 6, 262144 bytes, linear)
May 01 09:55:49 mao-ThinkPad kernel: UDP-Lite hash table entries: 8192 (order: 6, 262144 bytes, linear)
May 01 09:55:49 mao-ThinkPad kernel: NET: Registered PF_UNIX/PF_LOCAL protocol family
May 01 09:55:49 mao-ThinkPad kernel: NET: Registered PF_XDP protocol family
May 01 09:55:49 mao-ThinkPad kernel: pci_bus 0000:00: max bus depth: 1 pci_try_num: 2
May 01 09:55:49 mao-ThinkPad kernel: pci 0000:00:02.0: VF BAR 2 [mem 0x4020000000-0x40ffffffff 64bit pref]: assigned
May 01 09:55:49 mao-ThinkPad kernel: pci 0000:00:02.0: VF BAR 0 [mem 0x4010000000-0x4016ffffff 64bit]: assigned
May 01 09:55:49 mao-ThinkPad kernel: pci 0000:00:07.0: bridge window [io  0x3000-0x3fff]: assigned
May 01 09:55:49 mao-ThinkPad kernel: pci 0000:00:15.0: BAR 0 [mem 0x4017000000-0x4017000fff 64bit]: assigned
May 01 09:55:49 mao-ThinkPad kernel: pci 0000:00:15.2: BAR 0 [mem 0x4017001000-0x4017001fff 64bit]: assigned
May 01 09:55:49 mao-ThinkPad kernel: pci 0000:00:1f.5: BAR 0 [mem 0xa0800000-0xa0800fff]: assigned
May 01 09:55:49 mao-ThinkPad kernel: pci 0000:00:06.0: PCI bridge to [bus 01]
May 01 09:55:49 mao-ThinkPad kernel: pci 0000:00:06.0:   bridge window [mem 0xae200000-0xae2fffff]
May 01 09:55:49 mao-ThinkPad kernel: pci 0000:00:07.0: PCI bridge to [bus 02-2b]
May 01 09:55:49 mao-ThinkPad kernel: pci 0000:00:07.0:   bridge window [io  0x3000-0x3fff]
May 01 09:55:49 mao-ThinkPad kernel: pci 0000:00:07.0:   bridge window [mem 0xa2000000-0xae1fffff]
May 01 09:55:49 mao-ThinkPad kernel: pci 0000:00:07.0:   bridge window [mem 0x6000000000-0x601bffffff 64bit pref]
May 01 09:55:49 mao-ThinkPad kernel: pci_bus 0000:00: resource 4 [io  0x0000-0x0cf7 window]
May 01 09:55:49 mao-ThinkPad kernel: pci_bus 0000:00: resource 5 [io  0x0d00-0xffff window]
May 01 09:55:49 mao-ThinkPad kernel: pci_bus 0000:00: resource 6 [mem 0x000a0000-0x000bffff window]
May 01 09:55:49 mao-ThinkPad kernel: pci_bus 0000:00: resource 7 [mem 0xa0800000-0xbfffffff window]
May 01 09:55:49 mao-ThinkPad kernel: pci_bus 0000:00: resource 8 [mem 0x4000000000-0x7fffffffff window]
May 01 09:55:49 mao-ThinkPad kernel: pci_bus 0000:01: resource 1 [mem 0xae200000-0xae2fffff]
May 01 09:55:49 mao-ThinkPad kernel: pci_bus 0000:02: resource 0 [io  0x3000-0x3fff]
May 01 09:55:49 mao-ThinkPad kernel: pci_bus 0000:02: resource 1 [mem 0xa2000000-0xae1fffff]
May 01 09:55:49 mao-ThinkPad kernel: pci_bus 0000:02: resource 2 [mem 0x6000000000-0x601bffffff 64bit pref]
May 01 09:55:49 mao-ThinkPad kernel: pci 0000:00:0d.0: enabling device (0000 -> 0002)
May 01 09:55:49 mao-ThinkPad kernel: PCI: CLS 0 bytes, default 64
May 01 09:55:49 mao-ThinkPad kernel: DMAR: No ATSR found
May 01 09:55:49 mao-ThinkPad kernel: DMAR: No SATC found
May 01 09:55:49 mao-ThinkPad kernel: DMAR: IOMMU feature fl1gp_support inconsistent
May 01 09:55:49 mao-ThinkPad kernel: DMAR: IOMMU feature pgsel_inv inconsistent
May 01 09:55:49 mao-ThinkPad kernel: DMAR: IOMMU feature nwfs inconsistent
May 01 09:55:49 mao-ThinkPad kernel: DMAR: IOMMU feature dit inconsistent
May 01 09:55:49 mao-ThinkPad kernel: DMAR: IOMMU feature sc_support inconsistent
May 01 09:55:49 mao-ThinkPad kernel: DMAR: IOMMU feature dev_iotlb_support inconsistent
May 01 09:55:49 mao-ThinkPad kernel: DMAR: dmar0: Using Queued invalidation
May 01 09:55:49 mao-ThinkPad kernel: DMAR: dmar1: Using Queued invalidation
May 01 09:55:49 mao-ThinkPad kernel: Trying to unpack rootfs image as initramfs...
May 01 09:55:49 mao-ThinkPad kernel: pci 0000:00:02.0: Adding to iommu group 0
May 01 09:55:49 mao-ThinkPad kernel: pci 0000:00:00.0: Adding to iommu group 1
May 01 09:55:49 mao-ThinkPad kernel: pci 0000:00:04.0: Adding to iommu group 2
May 01 09:55:49 mao-ThinkPad kernel: pci 0000:00:06.0: Adding to iommu group 3
May 01 09:55:49 mao-ThinkPad kernel: pci 0000:00:07.0: Adding to iommu group 4
May 01 09:55:49 mao-ThinkPad kernel: pci 0000:00:08.0: Adding to iommu group 5
May 01 09:55:49 mao-ThinkPad kernel: pci 0000:00:0a.0: Adding to iommu group 6
May 01 09:55:49 mao-ThinkPad kernel: pci 0000:00:0d.0: Adding to iommu group 7
May 01 09:55:49 mao-ThinkPad kernel: pci 0000:00:0d.2: Adding to iommu group 7
May 01 09:55:49 mao-ThinkPad kernel: pci 0000:00:0d.3: Adding to iommu group 7
May 01 09:55:49 mao-ThinkPad kernel: pci 0000:00:14.0: Adding to iommu group 8
May 01 09:55:49 mao-ThinkPad kernel: pci 0000:00:14.2: Adding to iommu group 8
May 01 09:55:49 mao-ThinkPad kernel: pci 0000:00:14.3: Adding to iommu group 9
May 01 09:55:49 mao-ThinkPad kernel: pci 0000:00:15.0: Adding to iommu group 10
May 01 09:55:49 mao-ThinkPad kernel: pci 0000:00:15.2: Adding to iommu group 10
May 01 09:55:49 mao-ThinkPad kernel: pci 0000:00:16.0: Adding to iommu group 11
May 01 09:55:49 mao-ThinkPad kernel: pci 0000:00:1f.0: Adding to iommu group 12
May 01 09:55:49 mao-ThinkPad kernel: pci 0000:00:1f.3: Adding to iommu group 12
May 01 09:55:49 mao-ThinkPad kernel: pci 0000:00:1f.4: Adding to iommu group 12
May 01 09:55:49 mao-ThinkPad kernel: pci 0000:00:1f.5: Adding to iommu group 12
May 01 09:55:49 mao-ThinkPad kernel: pci 0000:00:1f.6: Adding to iommu group 12
May 01 09:55:49 mao-ThinkPad kernel: pci 0000:01:00.0: Adding to iommu group 13
May 01 09:55:49 mao-ThinkPad kernel: DMAR: Intel(R) Virtualization Technology for Directed I/O
May 01 09:55:49 mao-ThinkPad kernel: PCI-DMA: Using software bounce buffering for IO (SWIOTLB)
May 01 09:55:49 mao-ThinkPad kernel: software IO TLB: mapped [mem 0x0000000082edb000-0x0000000086edb000] (64MB)
May 01 09:55:49 mao-ThinkPad kernel: clocksource: tsc: mask: 0xffffffffffffffff max_cycles: 0x1e71785e5dd, max_idle_ns: 440795244814 ns
May 01 09:55:49 mao-ThinkPad kernel: clocksource: Switched to clocksource tsc
May 01 09:55:49 mao-ThinkPad kernel: platform rtc_cmos: registered platform RTC device (no PNP device found)
May 01 09:55:49 mao-ThinkPad kernel: Initialise system trusted keyrings
May 01 09:55:49 mao-ThinkPad kernel: Key type blacklist registered
May 01 09:55:49 mao-ThinkPad kernel: workingset: timestamp_bits=36 max_order=22 bucket_order=0
May 01 09:55:49 mao-ThinkPad kernel: zbud: loaded
May 01 09:55:49 mao-ThinkPad kernel: squashfs: version 4.0 (2009/01/31) Phillip Lougher
May 01 09:55:49 mao-ThinkPad kernel: fuse: init (API version 7.39)
May 01 09:55:49 mao-ThinkPad kernel: integrity: Platform Keyring initialized
May 01 09:55:49 mao-ThinkPad kernel: integrity: Machine keyring initialized
May 01 09:55:49 mao-ThinkPad kernel: Key type asymmetric registered
May 01 09:55:49 mao-ThinkPad kernel: Asymmetric key parser 'x509' registered
May 01 09:55:49 mao-ThinkPad kernel: Block layer SCSI generic (bsg) driver version 0.4 loaded (major 243)
May 01 09:55:49 mao-ThinkPad kernel: io scheduler mq-deadline registered
May 01 09:55:49 mao-ThinkPad kernel: pcieport 0000:00:06.0: PME: Signaling with IRQ 122
May 01 09:55:49 mao-ThinkPad kernel: pcieport 0000:00:07.0: PME: Signaling with IRQ 123
May 01 09:55:49 mao-ThinkPad kernel: pcieport 0000:00:07.0: pciehp: Slot #3 AttnBtn- PwrCtrl- MRL- AttnInd- PwrInd- HotPlug+ Surprise+ Interlock- NoCompl+ IbPresDis- LLActRep+
May 01 09:55:49 mao-ThinkPad kernel: shpchp: Standard Hot Plug PCI Controller Driver version: 0.4
May 01 09:55:49 mao-ThinkPad kernel: ACPI: AC: AC Adapter [AC] (on-line)
May 01 09:55:49 mao-ThinkPad kernel: input: Sleep Button as /devices/LNXSYSTM:00/LNXSYBUS:00/PNP0C0E:00/input/input0
May 01 09:55:49 mao-ThinkPad kernel: ACPI: button: Sleep Button [SLPB]
May 01 09:55:49 mao-ThinkPad kernel: input: Lid Switch as /devices/LNXSYSTM:00/LNXSYBUS:00/PNP0C0D:00/input/input1
May 01 09:55:49 mao-ThinkPad kernel: ACPI: button: Lid Switch [LID]
May 01 09:55:49 mao-ThinkPad kernel: input: Power Button as /devices/LNXSYSTM:00/LNXSYBUS:00/PNP0C0C:00/input/input2
May 01 09:55:49 mao-ThinkPad kernel: ACPI: button: Power Button [PWRB]
May 01 09:55:49 mao-ThinkPad kernel: Serial: 8250/16550 driver, 32 ports, IRQ sharing enabled
May 01 09:55:49 mao-ThinkPad kernel: hpet_acpi_add: no address or irqs in _CRS
May 01 09:55:49 mao-ThinkPad kernel: Linux agpgart interface v0.103
May 01 09:55:49 mao-ThinkPad kernel: loop: module loaded
May 01 09:55:49 mao-ThinkPad kernel: ACPI: bus type drm_connector registered
May 01 09:55:49 mao-ThinkPad kernel: tun: Universal TUN/TAP device driver, 1.6
May 01 09:55:49 mao-ThinkPad kernel: PPP generic driver version 2.4.2
May 01 09:55:49 mao-ThinkPad kernel: i8042: PNP: PS/2 Controller [PNP0303:KBD,PNP0f13:MOU] at 0x60,0x64 irq 1,12
May 01 09:55:49 mao-ThinkPad kernel: serio: i8042 KBD port at 0x60,0x64 irq 1
May 01 09:55:49 mao-ThinkPad kernel: serio: i8042 AUX port at 0x60,0x64 irq 12
May 01 09:55:49 mao-ThinkPad kernel: mousedev: PS/2 mouse device common for all mice
May 01 09:55:49 mao-ThinkPad kernel: rtc_cmos rtc_cmos: RTC can wake from S4
May 01 09:55:49 mao-ThinkPad kernel: rtc_cmos rtc_cmos: registered as rtc0
May 01 09:55:49 mao-ThinkPad kernel: rtc_cmos rtc_cmos: setting system clock to 2025-05-01T01:55:47 UTC (1746064547)
May 01 09:55:49 mao-ThinkPad kernel: rtc_cmos rtc_cmos: alarms up to one month, y3k, 114 bytes nvram
May 01 09:55:49 mao-ThinkPad kernel: i2c_dev: i2c /dev entries driver
May 01 09:55:49 mao-ThinkPad kernel: device-mapper: core: CONFIG_IMA_DISABLE_HTABLE is disabled. Duplicate IMA measurements will not be recorded in the IMA log.
May 01 09:55:49 mao-ThinkPad kernel: device-mapper: uevent: version 1.0.3
May 01 09:55:49 mao-ThinkPad kernel: device-mapper: ioctl: 4.48.0-ioctl (2023-03-01) initialised: dm-devel@redhat.com
May 01 09:55:49 mao-ThinkPad kernel: platform eisa.0: Probing EISA bus 0
May 01 09:55:49 mao-ThinkPad kernel: platform eisa.0: EISA: Cannot allocate resource for mainboard
May 01 09:55:49 mao-ThinkPad kernel: platform eisa.0: Cannot allocate resource for EISA slot 1
May 01 09:55:49 mao-ThinkPad kernel: platform eisa.0: Cannot allocate resource for EISA slot 2
May 01 09:55:49 mao-ThinkPad kernel: platform eisa.0: Cannot allocate resource for EISA slot 3
May 01 09:55:49 mao-ThinkPad kernel: platform eisa.0: Cannot allocate resource for EISA slot 4
May 01 09:55:49 mao-ThinkPad kernel: platform eisa.0: Cannot allocate resource for EISA slot 5
May 01 09:55:49 mao-ThinkPad kernel: platform eisa.0: Cannot allocate resource for EISA slot 6
May 01 09:55:49 mao-ThinkPad kernel: platform eisa.0: Cannot allocate resource for EISA slot 7
May 01 09:55:49 mao-ThinkPad kernel: platform eisa.0: Cannot allocate resource for EISA slot 8
May 01 09:55:49 mao-ThinkPad kernel: platform eisa.0: EISA: Detected 0 cards
May 01 09:55:49 mao-ThinkPad kernel: intel_pstate: Intel P-state driver initializing
May 01 09:55:49 mao-ThinkPad kernel: input: AT Translated Set 2 keyboard as /devices/platform/i8042/serio0/input/input3
May 01 09:55:49 mao-ThinkPad kernel: intel_pstate: HWP enabled
May 01 09:55:49 mao-ThinkPad kernel: ledtrig-cpu: registered to indicate activity on CPUs
May 01 09:55:49 mao-ThinkPad kernel: [drm] Initialized simpledrm 1.0.0 20200625 for simple-framebuffer.0 on minor 0
May 01 09:55:49 mao-ThinkPad kernel: fbcon: Deferring console take-over
May 01 09:55:49 mao-ThinkPad kernel: simple-framebuffer simple-framebuffer.0: [drm] fb0: simpledrmdrmfb frame buffer device
May 01 09:55:49 mao-ThinkPad kernel: drop_monitor: Initializing network drop monitor service
May 01 09:55:49 mao-ThinkPad kernel: NET: Registered PF_INET6 protocol family
May 01 09:55:49 mao-ThinkPad kernel: ACPI: battery: Slot [BAT0] (battery present)
May 01 09:55:49 mao-ThinkPad kernel: Freeing initrd memory: 71936K
May 01 09:55:49 mao-ThinkPad kernel: Segment Routing with IPv6
May 01 09:55:49 mao-ThinkPad kernel: In-situ OAM (IOAM) with IPv6
May 01 09:55:49 mao-ThinkPad kernel: NET: Registered PF_PACKET protocol family
May 01 09:55:49 mao-ThinkPad kernel: Key type dns_resolver registered
May 01 09:55:49 mao-ThinkPad kernel: ENERGY_PERF_BIAS: Set to 'normal', was 'performance'
May 01 09:55:49 mao-ThinkPad kernel: microcode: Current revision: 0x00000436
May 01 09:55:49 mao-ThinkPad kernel: microcode: Updated early from: 0x00000429
May 01 09:55:49 mao-ThinkPad kernel: IPI shorthand broadcast: enabled
May 01 09:55:49 mao-ThinkPad kernel: sched_clock: Marking stable (1749073558, 16138122)->(1834849793, -69638113)
May 01 09:55:49 mao-ThinkPad kernel: registered taskstats version 1
May 01 09:55:49 mao-ThinkPad kernel: Loading compiled-in X.509 certificates
May 01 09:55:49 mao-ThinkPad kernel: Loaded X.509 cert 'Build time autogenerated kernel key: 44902b4cfba63cfbff0578485d292d456e4ec819'
May 01 09:55:49 mao-ThinkPad kernel: Loaded X.509 cert 'Canonical Ltd. Live Patch Signing: 14df34d1a87cf37625abec039ef2bf521249b969'
May 01 09:55:49 mao-ThinkPad kernel: Loaded X.509 cert 'Canonical Ltd. Kernel Module Signing: 88f752e560a1e0737e31163a466ad7b70a850c19'
May 01 09:55:49 mao-ThinkPad kernel: blacklist: Loading compiled-in revocation X.509 certificates
May 01 09:55:49 mao-ThinkPad kernel: Loaded X.509 cert 'Canonical Ltd. Secure Boot Signing: 61482aa2830d0ab2ad5af10b7250da9033ddcef0'
May 01 09:55:49 mao-ThinkPad kernel: Loaded X.509 cert 'Canonical Ltd. Secure Boot Signing (2017): 242ade75ac4a15e50d50c84b0d45ff3eae707a03'
May 01 09:55:49 mao-ThinkPad kernel: Loaded X.509 cert 'Canonical Ltd. Secure Boot Signing (ESM 2018): 365188c1d374d6b07c3c8f240f8ef722433d6a8b'
May 01 09:55:49 mao-ThinkPad kernel: Loaded X.509 cert 'Canonical Ltd. Secure Boot Signing (2019): c0746fd6c5da3ae827864651ad66ae47fe24b3e8'
May 01 09:55:49 mao-ThinkPad kernel: Loaded X.509 cert 'Canonical Ltd. Secure Boot Signing (2021 v1): a8d54bbb3825cfb94fa13c9f8a594a195c107b8d'
May 01 09:55:49 mao-ThinkPad kernel: Loaded X.509 cert 'Canonical Ltd. Secure Boot Signing (2021 v2): 4cf046892d6fd3c9a5b03f98d845f90851dc6a8c'
May 01 09:55:49 mao-ThinkPad kernel: Loaded X.509 cert 'Canonical Ltd. Secure Boot Signing (2021 v3): 100437bb6de6e469b581e61cd66bce3ef4ed53af'
May 01 09:55:49 mao-ThinkPad kernel: Loaded X.509 cert 'Canonical Ltd. Secure Boot Signing (Ubuntu Core 2019): c1d57b8f6b743f23ee41f4f7ee292f06eecadfb9'
May 01 09:55:49 mao-ThinkPad kernel: Key type .fscrypt registered
May 01 09:55:49 mao-ThinkPad kernel: Key type fscrypt-provisioning registered
May 01 09:55:49 mao-ThinkPad kernel: Key type trusted registered
May 01 09:55:49 mao-ThinkPad kernel: Key type encrypted registered
May 01 09:55:49 mao-ThinkPad kernel: AppArmor: AppArmor sha256 policy hashing enabled
May 01 09:55:49 mao-ThinkPad kernel: integrity: Loading X.509 certificate: UEFI:db
May 01 09:55:49 mao-ThinkPad kernel: integrity: Loaded X.509 cert 'Lenovo Ltd.: ThinkPad Product CA 2012: 838b1f54c1550463f45f98700640f11069265949'
May 01 09:55:49 mao-ThinkPad kernel: integrity: Loading X.509 certificate: UEFI:db
May 01 09:55:49 mao-ThinkPad kernel: integrity: Loaded X.509 cert 'Lenovo UEFI CA 2014: 4b91a68732eaefdd2c8ffffc6b027ec3449e9c8f'
May 01 09:55:49 mao-ThinkPad kernel: integrity: Loading X.509 certificate: UEFI:db
May 01 09:55:49 mao-ThinkPad kernel: integrity: Loaded X.509 cert 'Microsoft Windows Production PCA 2011: a92902398e16c49778cd90f99e4f9ae17c55af53'
May 01 09:55:49 mao-ThinkPad kernel: integrity: Revoking X.509 certificate: UEFI:dbx
May 01 09:55:49 mao-ThinkPad kernel: blacklist: Revoked X.509 cert 'Canonical Ltd. Secure Boot Signing: 61482aa2830d0ab2ad5af10b7250da9033ddcef0'
May 01 09:55:49 mao-ThinkPad kernel: integrity: Revoking X.509 certificate: UEFI:dbx
May 01 09:55:49 mao-ThinkPad kernel: blacklist: Revoked X.509 cert 'Debian Secure Boot Signer: 00a7468def'
May 01 09:55:49 mao-ThinkPad kernel: blacklist: Duplicate blacklisted hash bin:80b4d96931bf0d02fd91a61e19d14f1da452e66db2408ca8604d411f92659f0a
May 01 09:55:49 mao-ThinkPad kernel: blacklist: Duplicate blacklisted hash bin:f52f83a3fa9cfbd6920f722824dbe4034534d25b8507246b3b957dac6e1bce7a
May 01 09:55:49 mao-ThinkPad kernel: blacklist: Duplicate blacklisted hash bin:c5d9d8a186e2c82d09afaa2a6f7f2e73870d3e64f72c4e08ef67796a840f0fbd
May 01 09:55:49 mao-ThinkPad kernel: blacklist: Duplicate blacklisted hash bin:1aec84b84b6c65a51220a9be7181965230210d62d6d33c48999c6b295a2b0a06
May 01 09:55:49 mao-ThinkPad kernel: blacklist: Duplicate blacklisted hash bin:c3a99a460da464a057c3586d83cef5f4ae08b7103979ed8932742df0ed530c66
May 01 09:55:49 mao-ThinkPad kernel: blacklist: Duplicate blacklisted hash bin:58fb941aef95a25943b3fb5f2510a0df3fe44c58c95e0ab80487297568ab9771
May 01 09:55:49 mao-ThinkPad kernel: blacklist: Duplicate blacklisted hash bin:5391c3a2fb112102a6aa1edc25ae77e19f5d6f09cd09eeb2509922bfcd5992ea
May 01 09:55:49 mao-ThinkPad kernel: blacklist: Duplicate blacklisted hash bin:d626157e1d6a718bc124ab8da27cbb65072ca03a7b6b257dbdcbbd60f65ef3d1
May 01 09:55:49 mao-ThinkPad kernel: blacklist: Duplicate blacklisted hash bin:d063ec28f67eba53f1642dbf7dff33c6a32add869f6013fe162e2c32f1cbe56d
May 01 09:55:49 mao-ThinkPad kernel: blacklist: Duplicate blacklisted hash bin:29c6eb52b43c3aa18b2cd8ed6ea8607cef3cfae1bafe1165755cf2e614844a44
May 01 09:55:49 mao-ThinkPad kernel: blacklist: Duplicate blacklisted hash bin:90fbe70e69d633408d3e170c6832dbb2d209e0272527dfb63d49d29572a6f44c
May 01 09:55:49 mao-ThinkPad kernel: blacklist: Duplicate blacklisted hash bin:106faceacfecfd4e303b74f480a08098e2d0802b936f8ec774ce21f31686689c
May 01 09:55:49 mao-ThinkPad kernel: blacklist: Duplicate blacklisted hash bin:174e3a0b5b43c6a607bbd3404f05341e3dcf396267ce94f8b50e2e23a9da920c
May 01 09:55:49 mao-ThinkPad kernel: blacklist: Duplicate blacklisted hash bin:2b99cf26422e92fe365fbf4bc30d27086c9ee14b7a6fff44fb2f6b9001699939
May 01 09:55:49 mao-ThinkPad kernel: blacklist: Duplicate blacklisted hash bin:2e70916786a6f773511fa7181fab0f1d70b557c6322ea923b2a8d3b92b51af7d
May 01 09:55:49 mao-ThinkPad kernel: blacklist: Duplicate blacklisted hash bin:3fce9b9fdf3ef09d5452b0f95ee481c2b7f06d743a737971558e70136ace3e73
May 01 09:55:49 mao-ThinkPad kernel: blacklist: Duplicate blacklisted hash bin:47cc086127e2069a86e03a6bef2cd410f8c55a6d6bdb362168c31b2ce32a5adf
May 01 09:55:49 mao-ThinkPad kernel: blacklist: Duplicate blacklisted hash bin:71f2906fd222497e54a34662ab2497fcc81020770ff51368e9e3d9bfcbfd6375
May 01 09:55:49 mao-ThinkPad kernel: blacklist: Duplicate blacklisted hash bin:82db3bceb4f60843ce9d97c3d187cd9b5941cd3de8100e586f2bda5637575f67
May 01 09:55:49 mao-ThinkPad kernel: blacklist: Duplicate blacklisted hash bin:8ad64859f195b5f58dafaa940b6a6167acd67a886e8f469364177221c55945b9
May 01 09:55:49 mao-ThinkPad kernel: blacklist: Duplicate blacklisted hash bin:8d8ea289cfe70a1c07ab7365cb28ee51edd33cf2506de888fbadd60ebf80481c
May 01 09:55:49 mao-ThinkPad kernel: blacklist: Duplicate blacklisted hash bin:aeebae3151271273ed95aa2e671139ed31a98567303a332298f83709a9d55aa1
May 01 09:55:49 mao-ThinkPad kernel: blacklist: Duplicate blacklisted hash bin:c409bdac4775add8db92aa22b5b718fb8c94a1462c1fe9a416b95d8a3388c2fc
May 01 09:55:49 mao-ThinkPad kernel: blacklist: Duplicate blacklisted hash bin:c617c1a8b1ee2a811c28b5a81b4c83d7c98b5b0c27281d610207ebe692c2967f
May 01 09:55:49 mao-ThinkPad kernel: blacklist: Duplicate blacklisted hash bin:c90f336617b8e7f983975413c997f10b73eb267fd8a10cb9e3bdbfc667abdb8b
May 01 09:55:49 mao-ThinkPad kernel: blacklist: Duplicate blacklisted hash bin:64575bd912789a2e14ad56f6341f52af6bf80cf94400785975e9f04e2d64d745
May 01 09:55:49 mao-ThinkPad kernel: blacklist: Duplicate blacklisted hash bin:45c7c8ae750acfbb48fc37527d6412dd644daed8913ccd8a24c94d856967df8e
May 01 09:55:49 mao-ThinkPad kernel: blacklist: Duplicate blacklisted hash bin:47ff1b63b140b6fc04ed79131331e651da5b2e2f170f5daef4153dc2fbc532b1
May 01 09:55:49 mao-ThinkPad kernel: blacklist: Duplicate blacklisted hash bin:5391c3a2fb112102a6aa1edc25ae77e19f5d6f09cd09eeb2509922bfcd5992ea
May 01 09:55:49 mao-ThinkPad kernel: blacklist: Duplicate blacklisted hash bin:80b4d96931bf0d02fd91a61e19d14f1da452e66db2408ca8604d411f92659f0a
May 01 09:55:49 mao-ThinkPad kernel: blacklist: Duplicate blacklisted hash bin:992d359aa7a5f789d268b94c11b9485a6b1ce64362b0edb4441ccc187c39647b
May 01 09:55:49 mao-ThinkPad kernel: blacklist: Duplicate blacklisted hash bin:c452ab846073df5ace25cca64d6b7a09d906308a1a65eb5240e3c4ebcaa9cc0c
May 01 09:55:49 mao-ThinkPad kernel: blacklist: Duplicate blacklisted hash bin:e051b788ecbaeda53046c70e6af6058f95222c046157b8c4c1b9c2cfc65f46e5
May 01 09:55:49 mao-ThinkPad kernel: Loading compiled-in module X.509 certificates
May 01 09:55:49 mao-ThinkPad kernel: Loaded X.509 cert 'Build time autogenerated kernel key: 44902b4cfba63cfbff0578485d292d456e4ec819'
May 01 09:55:49 mao-ThinkPad kernel: ima: Allocated hash algorithm: sha256
May 01 09:55:49 mao-ThinkPad kernel: ima: No architecture policies found
May 01 09:55:49 mao-ThinkPad kernel: evm: Initialising EVM extended attributes:
May 01 09:55:49 mao-ThinkPad kernel: evm: security.selinux
May 01 09:55:49 mao-ThinkPad kernel: evm: security.SMACK64
May 01 09:55:49 mao-ThinkPad kernel: evm: security.SMACK64EXEC
May 01 09:55:49 mao-ThinkPad kernel: evm: security.SMACK64TRANSMUTE
May 01 09:55:49 mao-ThinkPad kernel: evm: security.SMACK64MMAP
May 01 09:55:49 mao-ThinkPad kernel: evm: security.apparmor
May 01 09:55:49 mao-ThinkPad kernel: evm: security.ima
May 01 09:55:49 mao-ThinkPad kernel: evm: security.capability
May 01 09:55:49 mao-ThinkPad kernel: evm: HMAC attrs: 0x1
May 01 09:55:49 mao-ThinkPad kernel: PM:   Magic number: 9:62:912
May 01 09:55:49 mao-ThinkPad kernel: port serial8250:0.6: hash matches
May 01 09:55:49 mao-ThinkPad kernel: RAS: Correctable Errors collector initialized.
May 01 09:55:49 mao-ThinkPad kernel: clk: Disabling unused clocks
May 01 09:55:49 mao-ThinkPad kernel: Freeing unused decrypted memory: 2028K
May 01 09:55:49 mao-ThinkPad kernel: Freeing unused kernel image (initmem) memory: 4984K
May 01 09:55:49 mao-ThinkPad kernel: Write protecting the kernel read-only data: 36864k
May 01 09:55:49 mao-ThinkPad kernel: Freeing unused kernel image (rodata/data gap) memory: 388K
May 01 09:55:49 mao-ThinkPad kernel: x86/mm: Checked W+X mappings: passed, no W+X pages found.
May 01 09:55:49 mao-ThinkPad kernel: Run /init as init process
May 01 09:55:49 mao-ThinkPad kernel:   with arguments:
May 01 09:55:49 mao-ThinkPad kernel:     /init
May 01 09:55:49 mao-ThinkPad kernel:     splash
May 01 09:55:49 mao-ThinkPad kernel:   with environment:
May 01 09:55:49 mao-ThinkPad kernel:     HOME=/
May 01 09:55:49 mao-ThinkPad kernel:     TERM=linux
May 01 09:55:49 mao-ThinkPad kernel:     BOOT_IMAGE=/boot/vmlinuz-6.8.0-58-generic
May 01 09:55:49 mao-ThinkPad kernel: xhci_hcd 0000:00:0d.0: xHCI Host Controller
May 01 09:55:49 mao-ThinkPad kernel: xhci_hcd 0000:00:0d.0: new USB bus registered, assigned bus number 1
May 01 09:55:49 mao-ThinkPad kernel: xhci_hcd 0000:00:0d.0: hcc params 0x20007fc1 hci version 0x120 quirks 0x0000000200009810
May 01 09:55:49 mao-ThinkPad kernel: xhci_hcd 0000:00:0d.0: xHCI Host Controller
May 01 09:55:49 mao-ThinkPad kernel: xhci_hcd 0000:00:0d.0: new USB bus registered, assigned bus number 2
May 01 09:55:49 mao-ThinkPad kernel: xhci_hcd 0000:00:0d.0: Host supports USB 3.2 Enhanced SuperSpeed
May 01 09:55:49 mao-ThinkPad kernel: usb usb1: New USB device found, idVendor=1d6b, idProduct=0002, bcdDevice= 6.08
May 01 09:55:49 mao-ThinkPad kernel: usb usb1: New USB device strings: Mfr=3, Product=2, SerialNumber=1
May 01 09:55:49 mao-ThinkPad kernel: usb usb1: Product: xHCI Host Controller
May 01 09:55:49 mao-ThinkPad kernel: usb usb1: Manufacturer: Linux 6.8.0-58-generic xhci-hcd
May 01 09:55:49 mao-ThinkPad kernel: usb usb1: SerialNumber: 0000:00:0d.0
May 01 09:55:49 mao-ThinkPad kernel: hub 1-0:1.0: USB hub found
May 01 09:55:49 mao-ThinkPad kernel: hub 1-0:1.0: 1 port detected
May 01 09:55:49 mao-ThinkPad kernel: usb usb2: New USB device found, idVendor=1d6b, idProduct=0003, bcdDevice= 6.08
May 01 09:55:49 mao-ThinkPad kernel: usb usb2: New USB device strings: Mfr=3, Product=2, SerialNumber=1
May 01 09:55:49 mao-ThinkPad kernel: usb usb2: Product: xHCI Host Controller
May 01 09:55:49 mao-ThinkPad kernel: usb usb2: Manufacturer: Linux 6.8.0-58-generic xhci-hcd
May 01 09:55:49 mao-ThinkPad kernel: usb usb2: SerialNumber: 0000:00:0d.0
May 01 09:55:49 mao-ThinkPad kernel: hub 2-0:1.0: USB hub found
May 01 09:55:49 mao-ThinkPad kernel: hub 2-0:1.0: 4 ports detected
May 01 09:55:49 mao-ThinkPad kernel: xhci_hcd 0000:00:14.0: xHCI Host Controller
May 01 09:55:49 mao-ThinkPad kernel: xhci_hcd 0000:00:14.0: new USB bus registered, assigned bus number 3
May 01 09:55:49 mao-ThinkPad kernel: xhci_hcd 0000:00:14.0: hcc params 0x20007fc1 hci version 0x120 quirks 0x0000100200009810
May 01 09:55:49 mao-ThinkPad kernel: xhci_hcd 0000:00:14.0: xHCI Host Controller
May 01 09:55:49 mao-ThinkPad kernel: xhci_hcd 0000:00:14.0: new USB bus registered, assigned bus number 4
May 01 09:55:49 mao-ThinkPad kernel: xhci_hcd 0000:00:14.0: Host supports USB 3.1 Enhanced SuperSpeed
May 01 09:55:49 mao-ThinkPad kernel: usb usb3: New USB device found, idVendor=1d6b, idProduct=0002, bcdDevice= 6.08
May 01 09:55:49 mao-ThinkPad kernel: usb usb3: New USB device strings: Mfr=3, Product=2, SerialNumber=1
May 01 09:55:49 mao-ThinkPad kernel: usb usb3: Product: xHCI Host Controller
May 01 09:55:49 mao-ThinkPad kernel: usb usb3: Manufacturer: Linux 6.8.0-58-generic xhci-hcd
May 01 09:55:49 mao-ThinkPad kernel: usb usb3: SerialNumber: 0000:00:14.0
May 01 09:55:49 mao-ThinkPad kernel: hub 3-0:1.0: USB hub found
May 01 09:55:49 mao-ThinkPad kernel: hub 3-0:1.0: 12 ports detected
May 01 09:55:49 mao-ThinkPad kernel: usb usb4: New USB device found, idVendor=1d6b, idProduct=0003, bcdDevice= 6.08
May 01 09:55:49 mao-ThinkPad kernel: usb usb4: New USB device strings: Mfr=3, Product=2, SerialNumber=1
May 01 09:55:49 mao-ThinkPad kernel: usb usb4: Product: xHCI Host Controller
May 01 09:55:49 mao-ThinkPad kernel: usb usb4: Manufacturer: Linux 6.8.0-58-generic xhci-hcd
May 01 09:55:49 mao-ThinkPad kernel: usb usb4: SerialNumber: 0000:00:14.0
May 01 09:55:49 mao-ThinkPad kernel: hub 4-0:1.0: USB hub found
May 01 09:55:49 mao-ThinkPad kernel: hub 4-0:1.0: 4 ports detected
May 01 09:55:49 mao-ThinkPad kernel: ACPI: bus type thunderbolt registered
May 01 09:55:49 mao-ThinkPad kernel: e1000e: Intel(R) PRO/1000 Network Driver
May 01 09:55:49 mao-ThinkPad kernel: e1000e: Copyright(c) 1999 - 2015 Intel Corporation.
May 01 09:55:49 mao-ThinkPad kernel: e1000e 0000:00:1f.6: Interrupt Throttling Rate (ints/sec) set to dynamic conservative mode
May 01 09:55:49 mao-ThinkPad kernel: i801_smbus 0000:00:1f.4: enabling device (0001 -> 0003)
May 01 09:55:49 mao-ThinkPad kernel: i801_smbus 0000:00:1f.4: SPD Write Disable is set
May 01 09:55:49 mao-ThinkPad kernel: i801_smbus 0000:00:1f.4: SMBus using PCI interrupt
May 01 09:55:49 mao-ThinkPad kernel: intel-lpss 0000:00:15.0: enabling device (0000 -> 0002)
May 01 09:55:49 mao-ThinkPad kernel: idma64 idma64.0: Found Intel integrated DMA 64-bit
May 01 09:55:49 mao-ThinkPad kernel: nvme 0000:01:00.0: platform quirk: setting simple suspend
May 01 09:55:49 mao-ThinkPad kernel: nvme nvme0: pci function 0000:01:00.0
May 01 09:55:49 mao-ThinkPad kernel: i2c i2c-0: 2/8 memory slots populated (from DMI)
May 01 09:55:49 mao-ThinkPad kernel: i2c i2c-0: Successfully instantiated SPD at 0x50
May 01 09:55:49 mao-ThinkPad kernel: intel-lpss 0000:00:15.2: enabling device (0000 -> 0002)
May 01 09:55:49 mao-ThinkPad kernel: idma64 idma64.1: Found Intel integrated DMA 64-bit
May 01 09:55:49 mao-ThinkPad kernel: nvme nvme0: allocated 64 MiB host memory buffer.
May 01 09:55:49 mao-ThinkPad kernel: nvme nvme0: 8/0/0 default/read/poll queues
May 01 09:55:49 mao-ThinkPad kernel:  nvme0n1: p1 p2
May 01 09:55:49 mao-ThinkPad kernel: usb 3-3: new full-speed USB device number 2 using xhci_hcd
May 01 09:55:49 mao-ThinkPad kernel: usb 3-3: New USB device found, idVendor=046d, idProduct=c534, bcdDevice=52.00
May 01 09:55:49 mao-ThinkPad kernel: usb 3-3: New USB device strings: Mfr=1, Product=2, SerialNumber=0
May 01 09:55:49 mao-ThinkPad kernel: usb 3-3: Product: USB Receiver
May 01 09:55:49 mao-ThinkPad kernel: usb 3-3: Manufacturer: Logitech
May 01 09:55:49 mao-ThinkPad kernel: e1000e 0000:00:1f.6 0000:00:1f.6 (uninitialized): registered PHC clock
May 01 09:55:49 mao-ThinkPad kernel: e1000e 0000:00:1f.6 eth0: (PCI Express:2.5GT/s:Width x1) 6c:24:08:51:ac:a1
May 01 09:55:49 mao-ThinkPad kernel: e1000e 0000:00:1f.6 eth0: Intel(R) PRO/1000 Network Connection
May 01 09:55:49 mao-ThinkPad kernel: e1000e 0000:00:1f.6 eth0: MAC: 15, PHY: 12, PBA No: FFFFFF-0FF
May 01 09:55:49 mao-ThinkPad kernel: usb 3-7: new high-speed USB device number 3 using xhci_hcd
May 01 09:55:49 mao-ThinkPad kernel: e1000e 0000:00:1f.6 enp0s31f6: renamed from eth0
May 01 09:55:49 mao-ThinkPad kernel: usb 3-7: New USB device found, idVendor=04f2, idProduct=b758, bcdDevice=30.18
May 01 09:55:49 mao-ThinkPad kernel: usb 3-7: New USB device strings: Mfr=3, Product=1, SerialNumber=2
May 01 09:55:49 mao-ThinkPad kernel: usb 3-7: Product: Integrated Camera
May 01 09:55:49 mao-ThinkPad kernel: usb 3-7: Manufacturer: Chicony Electronics Co.,Ltd.
May 01 09:55:49 mao-ThinkPad kernel: usb 3-7: SerialNumber: 0001
May 01 09:55:49 mao-ThinkPad kernel: psmouse serio1: elantech: assuming hardware version 4 (with firmware version 0x5f3001)
May 01 09:55:49 mao-ThinkPad kernel: usb 3-10: new full-speed USB device number 4 using xhci_hcd
May 01 09:55:49 mao-ThinkPad kernel: psmouse serio1: elantech: Synaptics capabilities query result 0x90, 0x18, 0x0d.
May 01 09:55:49 mao-ThinkPad kernel: psmouse serio1: elantech: Elan sample query result 00, 17, 97
May 01 09:55:49 mao-ThinkPad kernel: psmouse serio1: elantech: Elan ic body: 0x14, current fw version: 0x2
May 01 09:55:49 mao-ThinkPad kernel: psmouse serio1: elantech: Trying to set up SMBus access
May 01 09:55:49 mao-ThinkPad kernel: usb 3-10: New USB device found, idVendor=8087, idProduct=0026, bcdDevice= 0.02
May 01 09:55:49 mao-ThinkPad kernel: usb 3-10: New USB device strings: Mfr=0, Product=0, SerialNumber=0
May 01 09:55:49 mao-ThinkPad kernel: hid: raw HID events driver (C) Jiri Kosina
May 01 09:55:49 mao-ThinkPad kernel: usbcore: registered new interface driver usbhid
May 01 09:55:49 mao-ThinkPad kernel: usbhid: USB HID core driver
May 01 09:55:49 mao-ThinkPad kernel: input: Logitech USB Receiver as /devices/pci0000:00/0000:00:14.0/usb3/3-3/3-3:1.0/0003:046D:C534.0001/input/input7
May 01 09:55:49 mao-ThinkPad kernel: hid-generic 0003:046D:C534.0001: input,hidraw0: USB HID v1.11 Keyboard [Logitech USB Receiver] on usb-0000:00:14.0-3/input0
May 01 09:55:49 mao-ThinkPad kernel: input: Logitech USB Receiver Mouse as /devices/pci0000:00/0000:00:14.0/usb3/3-3/3-3:1.1/0003:046D:C534.0002/input/input8
May 01 09:55:49 mao-ThinkPad kernel: input: Logitech USB Receiver Consumer Control as /devices/pci0000:00/0000:00:14.0/usb3/3-3/3-3:1.1/0003:046D:C534.0002/input/input9
May 01 09:55:49 mao-ThinkPad kernel: input: Logitech USB Receiver System Control as /devices/pci0000:00/0000:00:14.0/usb3/3-3/3-3:1.1/0003:046D:C534.0002/input/input10
May 01 09:55:49 mao-ThinkPad kernel: hid-generic 0003:046D:C534.0002: input,hiddev0,hidraw1: USB HID v1.11 Mouse [Logitech USB Receiver] on usb-0000:00:14.0-3/input1
May 01 09:55:49 mao-ThinkPad kernel: logitech-djreceiver 0003:046D:C534.0001: hidraw0: USB HID v1.11 Keyboard [Logitech USB Receiver] on usb-0000:00:14.0-3/input0
May 01 09:55:49 mao-ThinkPad kernel: logitech-djreceiver 0003:046D:C534.0002: hiddev0,hidraw1: USB HID v1.11 Mouse [Logitech USB Receiver] on usb-0000:00:14.0-3/input1
May 01 09:55:49 mao-ThinkPad kernel: logitech-djreceiver 0003:046D:C534.0002: device of type eQUAD nano Lite (0x0a) connected on slot 1
May 01 09:55:49 mao-ThinkPad kernel: logitech-djreceiver 0003:046D:C534.0002: device of type eQUAD nano Lite (0x0a) connected on slot 2
May 01 09:55:49 mao-ThinkPad kernel: input: Logitech Wireless Keyboard PID:4023 Keyboard as /devices/pci0000:00/0000:00:14.0/usb3/3-3/3-3:1.1/0003:046D:C534.0002/0003:046D:4023.0003/input/input13
May 01 09:55:49 mao-ThinkPad kernel: hid-generic 0003:046D:4023.0003: input,hidraw2: USB HID v1.11 Keyboard [Logitech Wireless Keyboard PID:4023] on usb-0000:00:14.0-3/input1:1
May 01 09:55:49 mao-ThinkPad kernel: input: Logitech Wireless Mouse PID:4091 Mouse as /devices/pci0000:00/0000:00:14.0/usb3/3-3/3-3:1.1/0003:046D:C534.0002/0003:046D:4091.0004/input/input18
May 01 09:55:49 mao-ThinkPad kernel: input: Logitech Wireless Mouse PID:4091 Consumer Control as /devices/pci0000:00/0000:00:14.0/usb3/3-3/3-3:1.1/0003:046D:C534.0002/0003:046D:4091.0004/input/input19
May 01 09:55:49 mao-ThinkPad kernel: hid-generic 0003:046D:4091.0004: input,hidraw3: USB HID v1.11 Mouse [Logitech Wireless Mouse PID:4091] on usb-0000:00:14.0-3/input1:2
May 01 09:55:49 mao-ThinkPad kernel: input: Logitech Wireless Keyboard PID:4023 as /devices/pci0000:00/0000:00:14.0/usb3/3-3/3-3:1.1/0003:046D:C534.0002/0003:046D:4023.0003/input/input23
May 01 09:55:49 mao-ThinkPad kernel: logitech-hidpp-device 0003:046D:4023.0003: input,hidraw2: USB HID v1.11 Keyboard [Logitech Wireless Keyboard PID:4023] on usb-0000:00:14.0-3/input1:1
May 01 09:55:49 mao-ThinkPad kernel: logitech-hidpp-device 0003:046D:4023.0003: hidpp_root_get_protocol_version: received protocol error 0x08
May 01 09:55:49 mao-ThinkPad kernel: input: Logitech Wireless Mouse as /devices/pci0000:00/0000:00:14.0/usb3/3-3/3-3:1.1/0003:046D:C534.0002/0003:046D:4091.0004/input/input24
May 01 09:55:49 mao-ThinkPad kernel: logitech-hidpp-device 0003:046D:4091.0004: input,hidraw3: USB HID v1.11 Mouse [Logitech Wireless Mouse] on usb-0000:00:14.0-3/input1:2
May 01 09:55:49 mao-ThinkPad kernel: logitech-hidpp-device 0003:046D:4091.0004: hidpp_root_get_protocol_version: received protocol error 0x08
May 01 09:55:49 mao-ThinkPad kernel: fbcon: Taking over console
May 01 09:55:49 mao-ThinkPad kernel: Console: switching to colour frame buffer device 240x67
May 01 09:55:49 mao-ThinkPad kernel: EXT4-fs (nvme0n1p2): mounted filesystem bb3ceb72-07e5-4947-86b8-097c5aaa3319 ro with ordered data mode. Quota mode: none.
May 01 09:55:49 mao-ThinkPad systemd[1]: Inserted module 'autofs4'
May 01 09:55:49 mao-ThinkPad systemd[1]: systemd 249.11-0ubuntu3.12 running in system mode (+PAM +AUDIT +SELINUX +APPARMOR +IMA +SMACK +SECCOMP +GCRYPT +GNUTLS +OPENSSL +ACL +BLKID +CURL +ELFUTILS +FIDO2 +IDN2 -IDN +IPTC +KMOD +LIBCRYPTSETUP +LIBFDISK +PCRE2 -PWQUALITY -P11KIT -QRENCODE +BZIP2 +LZ4 +XZ +ZLIB +ZSTD -XKBCOMMON +UTMP +SYSVINIT default-hierarchy=unified)
May 01 09:55:49 mao-ThinkPad systemd[1]: Detected architecture x86-64.
May 01 09:55:49 mao-ThinkPad systemd[1]: Hostname set to <mao-ThinkPad>.
May 01 09:55:49 mao-ThinkPad kernel: block nvme0n1: the capability attribute has been deprecated.
May 01 09:55:49 mao-ThinkPad systemd[1]: Configuration file /run/systemd/system/netplan-ovs-cleanup.service is marked world-inaccessible. This has no effect as configuration data is accessible via APIs without restrictions. Proceeding anyway.
May 01 09:55:49 mao-ThinkPad systemd[1]: Queued start job for default target Graphical Interface.
May 01 09:55:49 mao-ThinkPad systemd[1]: Created slice Slice /system/modprobe.
May 01 09:55:49 mao-ThinkPad systemd[1]: Created slice Slice /system/systemd-fsck.
May 01 09:55:49 mao-ThinkPad systemd[1]: Created slice User and Session Slice.
May 01 09:55:49 mao-ThinkPad systemd[1]: Started Forward Password Requests to Wall Directory Watch.
May 01 09:55:49 mao-ThinkPad systemd[1]: Set up automount Arbitrary Executable File Formats File System Automount Point.
May 01 09:55:49 mao-ThinkPad systemd[1]: Reached target User and Group Name Lookups.
May 01 09:55:49 mao-ThinkPad systemd[1]: Reached target Remote File Systems.
May 01 09:55:49 mao-ThinkPad systemd[1]: Reached target Slice Units.
May 01 09:55:49 mao-ThinkPad systemd[1]: Reached target Mounting snaps.
May 01 09:55:49 mao-ThinkPad systemd[1]: Reached target Local Verity Protected Volumes.
May 01 09:55:49 mao-ThinkPad systemd[1]: Listening on Syslog Socket.
May 01 09:55:49 mao-ThinkPad systemd[1]: Listening on fsck to fsckd communication Socket.
May 01 09:55:49 mao-ThinkPad systemd[1]: Listening on initctl Compatibility Named Pipe.
May 01 09:55:49 mao-ThinkPad systemd[1]: Listening on Journal Audit Socket.
May 01 09:55:49 mao-ThinkPad systemd[1]: Listening on Journal Socket (/dev/log).
May 01 09:55:49 mao-ThinkPad systemd[1]: Listening on Journal Socket.
May 01 09:55:49 mao-ThinkPad systemd[1]: Listening on udev Control Socket.
May 01 09:55:49 mao-ThinkPad systemd[1]: Listening on udev Kernel Socket.
May 01 09:55:49 mao-ThinkPad systemd[1]: Mounting Huge Pages File System...
May 01 09:55:49 mao-ThinkPad systemd[1]: Mounting POSIX Message Queue File System...
May 01 09:55:49 mao-ThinkPad systemd[1]: Mounting Kernel Debug File System...
May 01 09:55:49 mao-ThinkPad systemd[1]: Mounting Kernel Trace File System...
May 01 09:55:49 mao-ThinkPad systemd[1]: Starting Journal Service...
May 01 09:55:49 mao-ThinkPad systemd[1]: Starting Set the console keyboard layout...
May 01 09:55:49 mao-ThinkPad systemd[1]: Starting Create List of Static Device Nodes...
May 01 09:55:49 mao-ThinkPad systemd[1]: Starting Load Kernel Module configfs...
May 01 09:55:49 mao-ThinkPad systemd[1]: Starting Load Kernel Module drm...
May 01 09:55:49 mao-ThinkPad systemd[1]: Starting Load Kernel Module efi_pstore...
May 01 09:55:49 mao-ThinkPad systemd[1]: Starting Load Kernel Module fuse...
May 01 09:55:49 mao-ThinkPad systemd[1]: Condition check resulted in File System Check on Root Device being skipped.
May 01 09:55:49 mao-ThinkPad systemd[1]: Starting Load Kernel Modules...
May 01 09:55:49 mao-ThinkPad systemd[1]: Starting Remount Root and Kernel File Systems...
May 01 09:55:49 mao-ThinkPad systemd[1]: Starting Coldplug All udev Devices...
May 01 09:55:49 mao-ThinkPad systemd[1]: Mounted Huge Pages File System.
May 01 09:55:49 mao-ThinkPad systemd[1]: Mounted POSIX Message Queue File System.
May 01 09:55:49 mao-ThinkPad systemd[1]: Mounted Kernel Debug File System.
May 01 09:55:49 mao-ThinkPad systemd[1]: Mounted Kernel Trace File System.
May 01 09:55:49 mao-ThinkPad systemd[1]: Finished Create List of Static Device Nodes.
May 01 09:55:49 mao-ThinkPad systemd[1]: modprobe@configfs.service: Deactivated successfully.
May 01 09:55:49 mao-ThinkPad systemd[1]: Finished Load Kernel Module configfs.
May 01 09:55:49 mao-ThinkPad systemd[1]: modprobe@drm.service: Deactivated successfully.
May 01 09:55:49 mao-ThinkPad systemd[1]: Finished Load Kernel Module drm.
May 01 09:55:49 mao-ThinkPad systemd[1]: modprobe@fuse.service: Deactivated successfully.
May 01 09:55:49 mao-ThinkPad systemd[1]: Finished Load Kernel Module fuse.
May 01 09:55:49 mao-ThinkPad kernel: pstore: Using crash dump compression: deflate
May 01 09:55:49 mao-ThinkPad systemd[1]: Mounting FUSE Control File System...
May 01 09:55:49 mao-ThinkPad systemd[1]: Mounting Kernel Configuration File System...
May 01 09:55:49 mao-ThinkPad systemd[1]: Mounted FUSE Control File System.
May 01 09:55:49 mao-ThinkPad systemd[1]: Mounted Kernel Configuration File System.
May 01 09:55:49 mao-ThinkPad kernel: EXT4-fs (nvme0n1p2): re-mounted bb3ceb72-07e5-4947-86b8-097c5aaa3319 r/w. Quota mode: none.
May 01 09:55:49 mao-ThinkPad systemd[1]: Finished Remount Root and Kernel File Systems.
May 01 09:55:49 mao-ThinkPad kernel: lp: driver loaded but no devices found
May 01 09:55:49 mao-ThinkPad kernel: pstore: Registered efi_pstore as persistent store backend
May 01 09:55:49 mao-ThinkPad kernel: ppdev: user-space parallel port driver
May 01 09:55:49 mao-ThinkPad systemd[1]: Activating swap /swapfile...
May 01 09:55:49 mao-ThinkPad systemd[1]: Starting Load/Save Random Seed...
May 01 09:55:49 mao-ThinkPad systemd[1]: Starting Create System Users...
May 01 09:55:49 mao-ThinkPad systemd[1]: modprobe@efi_pstore.service: Deactivated successfully.
May 01 09:55:49 mao-ThinkPad systemd[1]: Finished Load Kernel Module efi_pstore.
May 01 09:55:49 mao-ThinkPad systemd[1]: Condition check resulted in Platform Persistent Storage Archival being skipped.
May 01 09:55:49 mao-ThinkPad kernel: Adding 2097148k swap on /swapfile.  Priority:-2 extents:16 across:331481088k SS
May 01 09:55:49 mao-ThinkPad systemd[1]: Activated swap /swapfile.
May 01 09:55:49 mao-ThinkPad systemd[1]: Reached target Swaps.
May 01 09:55:49 mao-ThinkPad systemd-journald[350]: Journal started
May 01 09:55:49 mao-ThinkPad systemd-journald[350]: Runtime Journal (/run/log/journal/1c8d9d64a91a434b960a3631a602e9ca) is 8.0M, max 156.6M, 148.6M free.
May 01 09:55:49 mao-ThinkPad systemd-modules-load[359]: Inserted module 'lp'
May 01 09:55:49 mao-ThinkPad systemd-modules-load[359]: Inserted module 'ppdev'
May 01 09:55:49 mao-ThinkPad systemd-modules-load[359]: Inserted module 'parport_pc'
May 01 09:55:49 mao-ThinkPad systemd[1]: Finished Load/Save Random Seed.
May 01 09:55:49 mao-ThinkPad systemd[1]: Condition check resulted in First Boot Complete being skipped.
May 01 09:55:49 mao-ThinkPad systemd[1]: Started Journal Service.
May 01 09:55:49 mao-ThinkPad systemd[1]: Starting Flush Journal to Persistent Storage...
May 01 09:55:49 mao-ThinkPad systemd-modules-load[359]: Inserted module 'msr'
May 01 09:55:49 mao-ThinkPad systemd[1]: Finished Load Kernel Modules.
May 01 09:55:49 mao-ThinkPad systemd[1]: Starting Apply Kernel Variables...
May 01 09:55:49 mao-ThinkPad systemd[1]: Finished Create System Users.
May 01 09:55:49 mao-ThinkPad systemd[1]: Finished Set the console keyboard layout.
May 01 09:55:49 mao-ThinkPad systemd[1]: Starting Create Static Device Nodes in /dev...
May 01 09:55:49 mao-ThinkPad systemd-journald[350]: Time spent on flushing to /var/log/journal/1c8d9d64a91a434b960a3631a602e9ca is 31.655ms for 1007 entries.
May 01 09:55:49 mao-ThinkPad systemd-journald[350]: System Journal (/var/log/journal/1c8d9d64a91a434b960a3631a602e9ca) is 896.2M, max 1000.0M, 103.7M free.
May 01 09:55:49 mao-ThinkPad kernel: loop0: detected capacity change from 0 to 151312
May 01 09:55:49 mao-ThinkPad kernel: loop1: detected capacity change from 0 to 151320
May 01 09:55:49 mao-ThinkPad kernel: loop2: detected capacity change from 0 to 8
May 01 09:55:49 mao-ThinkPad kernel: loop3: detected capacity change from 0 to 135624
May 01 09:55:49 mao-ThinkPad kernel: loop4: detected capacity change from 0 to 136728
May 01 09:55:49 mao-ThinkPad kernel: loop5: detected capacity change from 0 to 496448
May 01 09:55:49 mao-ThinkPad kernel: loop6: detected capacity change from 0 to 495608
May 01 09:55:49 mao-ThinkPad kernel: loop7: detected capacity change from 0 to 1034424
May 01 09:55:49 mao-ThinkPad kernel: loop8: detected capacity change from 0 to 1056784
May 01 09:55:49 mao-ThinkPad kernel: loop9: detected capacity change from 0 to 187776
May 01 09:55:49 mao-ThinkPad kernel: loop10: detected capacity change from 0 to 26472
